foc_stop
FOC stopped; gate enable and TIM1 outputs are disabled.
msh >
msh >foc_trace start 50
FTR_HEADER,step,state,ia_ma,ib_ma,ic_ma,id_ref_ma,iq_ref_ma,id_ma,iq_ma,vd_mv,vq_mv,duty_a_pm,duty_b_pm,duty_c_pm,vbus_mv,control_angle_mrad,forced_angle_mrad,observer_angle_mrad,observer_speed_rpm,reliable,flags,bemf_alpha_mv,bemf_beta_mv,pll_phase_error_mrad,speed_mean_rpm,speed_variance_rpm2,gate_flags,reliable_samples,observer_wait_ms,observer_loss_ms,voltage_limited
FOC trace started: requested=50Hz actual=50Hz divider=240.
msh >
msh >foc_start 582
FOC ARMED: target=582rpm startup=582rpm/800mA observer=rust-smo-pll run/div=1/1 closed_loop=0.
msh >
msh >FTR,240,3,0,13,-13,0,16,0,15,-10,98,499,507,493,12288,0,0,679,-151,0,29534,103,103,-1474,0,0,0,0,0,0,0
FTR,480,3,11,27,-38,0,32,11,38,-104,131,489,511,492,12288,0,0,836,-168,0,29534,103,103,-1632,0,0,0,0,0,0,0
FTR,720,3,2,41,-43,0,48,2,49,-21,282,497,520,480,12288,0,0,857,-172,0,29534,103,103,-1653,0,0,0,0,0,0,0
FTR,960,3,2,56,-57,0,64,2,65,-45,357,494,525,475,12288,0,0,846,-173,0,29534,103,103,-1642,-167,53,43,0,0,0,0
FTR,1200,3,2,67,-69,0,80,2,78,-16,515,498,536,464,12288,0,0,831,-173,0,29534,103,103,-1627,-172,3,43,0,0,0,0
FTR,1440,3,2,80,-81,0,96,2,93,-64,635,492,545,455,12288,0,0,818,-173,0,29534,103,103,-1614,-173,0,43,0,0,0,0
FTR,1680,3,-5,97,-93,0,112,-5,110,192,1142,523,581,419,12288,0,0,689,-117,0,29534,103,254,-1080,-168,174,59,0,0,0,0
FTR,1920,3,0,110,-110,0,128,0,127,-34,336,496,524,476,12288,0,0,4942,-50,0,29534,112,7,-173,-148,955,11,0,0,0,0
FTR,2160,3,0,126,-126,0,144,0,146,-589,1029,428,572,428,12288,0,0,3730,282,0,29534,-69,166,2966,-53,17709,11,0,0,0,0
FTR,2400,3,-10,137,-128,0,160,-10,153,389,1278,548,590,410,12288,0,0,1049,-263,0,29534,141,174,-1746,-97,31966,11,0,0,0,0
FTR,2640,3,-2,152,-150,0,176,-2,174,21,969,503,568,432,12288,0,0,4250,32,0,29534,104,101,1233,-100,34882,11,0,0,0,0
FTR,2880,3,-3,169,-166,0,192,-3,194,-317,896,461,563,437,12288,0,0,1910,-335,0,29534,7,103,-2001,-140,40737,11,0,0,0,0
FTR,3120,3,3,180,-184,0,208,3,210,316,1003,539,571,429,12288,0,0,5144,-132,0,29534,195,103,46,-164,30727,11,0,0,0,0
FTR,3360,3,5,196,-201,0,224,5,229,-442,1286,446,591,409,12288,0,0,3171,203,0,29534,2,113,3103,-88,40384,11,0,0,0,0
FTR,3600,3,2,207,-209,0,240,2,241,404,1437,549,601,399,12288,0,0,252,-296,0,29534,204,109,-1351,-200,35113,11,0,0,0,0
FTR,3840,3,-3,223,-220,0,256,-3,256,-88,1563,489,610,390,12288,0,0,6015,-174,0,29534,103,116,-467,-174,31011,11,0,0,0,0
FTR,4080,3,0,238,-238,0,272,0,275,104,1564,513,610,390,12288,0,0,6100,-161,0,29534,102,103,-610,-217,18157,11,0,0,0,0
FTR,4320,3,5,249,-254,0,288,5,290,41,1628,505,615,385,12288,0,0,29,-161,0,29534,103,103,-826,-190,2271,11,0,0,0,0
FTR,4560,3,-6,263,-257,0,304,-6,300,-46,1760,494,624,376,12288,0,0,201,-160,0,29534,101,103,-987,-161,166,43,0,0,0,0
FTR,4800,3,0,275,-275,0,320,0,317,142,1847,517,630,370,12288,0,0,349,-164,0,29534,104,103,-1153,-164,54,43,0,0,0,0
FTR,5040,3,-2,290,-289,0,336,-2,335,-76,1932,491,636,364,12288,0,0,461,-165,0,29534,103,103,-1255,-162,15,43,0,0,0,0
FTR,5280,3,0,306,-306,0,352,0,354,137,2026,517,643,357,12288,0,0,545,-167,0,29534,103,103,-1339,-164,8,43,0,0,0,0
FTR,5520,3,-2,318,-316,0,368,-2,366,-15,2134,498,650,350,12288,0,0,607,-167,0,29534,103,104,-1394,-166,2,43,0,0,0,0
FTR,5760,3,-2,332,-330,0,384,-2,382,81,2206,510,655,345,12288,0,0,652,-166,0,29534,103,110,-1414,-166,1,43,0,0,0,0
FTR,6000,3,-5,346,-342,0,400,-5,397,89,2345,511,665,335,12288,0,0,684,-167,0,29534,103,109,-1450,-166,1,43,0,0,0,0
FTR,6240,3,0,361,-361,0,416,0,417,26,2385,503,668,332,12288,0,0,708,-165,0,29534,103,114,-1452,-166,1,43,0,0,0,0
FTR,6480,3,3,377,-380,0,432,3,437,36,2445,504,672,328,12288,0,0,724,-163,0,29534,103,118,-1450,-165,1,43,0,0,0,0
FTR,6720,3,5,388,-393,0,448,5,451,10,2554,501,680,320,12288,0,0,733,-161,0,29534,103,121,-1444,-164,3,43,0,0,0,0
FTR,6960,3,2,402,-404,0,464,2,465,57,2669,507,688,312,12288,0,0,739,-160,0,29534,103,123,-1443,-162,4,43,0,0,0,0
FTR,7200,3,-2,413,-412,0,480,-2,476,94,2819,511,699,301,12288,0,0,741,-157,0,29534,103,131,-1416,-160,4,43,0,0,0,0
FTR,7440,3,0,431,-431,0,496,0,498,92,2857,511,701,299,12288,0,0,739,-154,0,29534,103,135,-1400,-158,5,43,0,0,0,0
FTR,7680,3,0,442,-442,0,512,0,511,48,2971,506,709,291,12288,0,0,735,-154,0,29534,103,134,-1398,-156,6,43,0,0,0,0
FTR,7920,3,-2,456,-455,0,528,-2,526,93,3083,511,717,283,12288,0,0,729,-151,0,29534,103,139,-1372,-153,6,43,0,0,0,0
FTR,8160,3,0,472,-472,0,544,0,546,105,3139,513,721,279,12288,0,0,720,-147,0,29534,103,148,-1335,-151,7,43,0,0,0,0
FTR,8400,3,0,487,-487,0,560,0,562,81,3244,510,729,271,12288,0,0,709,-144,0,29534,103,151,-1314,-148,8,43,0,0,0,0
FTR,8640,3,2,500,-501,0,576,2,578,79,3333,510,735,265,12288,0,0,698,-141,0,29534,103,157,-1286,-146,7,43,0,0,0,0
FTR,8880,3,-2,509,-508,0,592,-2,587,97,3484,512,746,254,12288,0,0,686,-140,0,29534,103,158,-1271,-143,8,43,0,0,0,0
FTR,9120,3,3,527,-530,0,608,3,610,62,3508,508,747,253,12288,0,0,675,-135,0,29534,103,168,-1231,-140,7,43,0,0,0,0
FTR,9360,3,-2,543,-541,0,624,-2,626,111,3635,513,756,244,12288,0,0,650,-131,0,29534,103,173,-1194,-137,10,43,0,0,0,0
FTR,9600,3,-2,555,-554,0,640,-2,640,101,3729,512,763,237,12288,0,0,629,-128,0,29534,103,175,-1166,-134,15,43,0,0,0,0
FTR,9840,3,2,571,-573,0,656,2,661,63,3782,508,767,233,12288,0,0,612,-126,0,29534,103,176,-1148,-130,14,43,0,0,0,0
FTR,10080,3,0,579,-579,0,672,0,669,103,3949,513,778,222,12288,0,0,591,-122,0,29534,103,186,-1104,-126,10,43,0,0,0,0
FTR,10320,3,3,595,-599,0,688,3,689,70,3999,509,782,218,12288,0,0,570,-118,0,29534,103,192,-1067,-123,11,43,0,0,0,0
FTR,10560,3,-2,611,-610,0,704,-2,705,133,4123,516,791,209,12288,0,0,538,-112,0,29534,103,201,-1016,-119,15,43,0,0,0,0
FTR,10800,3,6,626,-632,0,720,6,726,65,4160,508,793,207,12288,0,0,514,-108,0,29534,103,210,-975,-115,17,43,0,0,0,0
FTR,11040,3,-5,642,-637,0,736,-5,738,174,4304,521,803,197,12288,0,0,491,-105,0,29534,103,214,-944,-111,15,43,0,0,0,0
FTR,11280,3,3,651,-654,0,752,3,754,92,4393,511,810,190,12288,0,0,464,-101,0,29534,103,220,-906,-107,12,43,0,0,0,0
FTR,11520,3,0,662,-662,0,768,0,765,134,4532,516,819,181,12288,0,0,431,-95,0,29534,103,229,-858,-103,16,59,0,0,0,0
FTR,11760,3,-2,677,-675,0,784,-2,781,121,4637,515,827,173,12288,0,0,406,-92,0,29534,103,230,-830,-99,17,59,0,0,0,0
FTR,12000,3,-2,691,-690,0,800,-2,797,140,4735,517,834,166,12288,0,0,383,-88,0,29534,103,241,-791,-94,15,59,0,0,0,0
FTR,12240,4,-61,721,-661,0,800,-2,800,94,4706,470,831,169,12288,73,73,389,-90,0,29534,103,229,-815,-91,8,59,0,0,0,0
FTR,12480,4,-225,780,-555,0,800,7,803,-38,4611,333,810,190,12288,293,293,460,-103,0,29534,103,197,-947,-91,13,43,0,0,0,0
FTR,12720,4,-487,792,-305,0,800,3,799,-129,4590,197,803,303,12288,659,659,672,-115,0,29534,56,129,-1087,-98,115,11,0,0,0,0
FTR,12960,4,-741,635,105,0,800,-5,801,-396,4553,185,815,617,12288,1172,1172,1064,-66,0,29534,-31,76,-683,-96,311,11,0,0,0,0
FTR,13200,4,-771,207,563,0,800,0,798,-452,4774,167,598,833,12288,1832,1832,1590,171,0,29534,-7,-54,1426,-77,3588,11,0,0,0,0
FTR,13440,4,-391,-413,804,0,800,3,805,-173,4860,232,194,806,12288,2638,2638,2776,131,0,29534,61,-97,939,-7,11377,11,0,0,0,0
FTR,13680,4,350,-795,445,0,800,-4,797,-53,4673,753,205,795,12288,3591,3591,3637,164,0,29534,109,10,1178,65,10380,11,0,0,0,0
FTR,13920,4,798,-415,-383,0,800,0,798,-459,4647,797,253,203,12288,4690,4690,5009,97,0,29534,212,192,447,132,1862,27,0,0,0,0
FTR,14160,4,270,516,-785,0,800,-2,798,-234,4735,670,819,181,12288,5936,5936,99,9,0,29534,103,276,-454,115,1636,27,0,0,0,0
FTR,14400,4,-693,696,-3,0,800,2,802,-800,4593,176,824,596,12288,1045,1045,1167,92,0,29534,-140,19,275,72,5055,11,0,0,0,0
FTR,14640,4,-425,-373,798,0,800,3,799,-753,4953,258,176,824,12288,2584,2584,3119,120,0,29534,100,-260,396,73,5441,27,0,0,0,0
FTR,14880,4,721,-659,-62,0,800,3,800,-197,4573,820,180,431,12288,4270,4270,4244,185,0,29534,147,82,991,102,7939,11,0,0,0,0
FTR,15120,4,140,610,-750,0,800,-3,798,-311,4730,566,832,168,12288,6102,6102,155,41,0,29534,88,260,-480,152,1681,27,0,0,0,0
FTR,15360,4,-784,233,551,0,800,-2,805,-453,4695,174,615,826,12288,1798,1798,2056,157,0,29534,-12,-18,509,127,4684,11,0,0,0,0
FTR,15600,4,575,-777,203,0,800,-9,806,-832,4224,803,197,537,12288,3924,3924,4378,213,0,29534,335,208,902,135,5154,27,0,0,0,0
FTR,15840,4,81,653,-734,0,800,11,805,-1003,5239,434,874,126,12288,6196,6196,6063,150,0,29534,-53,533,328,130,5162,27,0,0,0,0
FTR,16080,4,-579,-187,766,0,800,1,799,61,4796,170,370,830,12288,2331,2331,2488,-62,0,29534,-88,96,-1750,172,10293,11,0,0,0,0
FTR,16320,4,787,-260,-527,0,800,-7,802,-808,4147,795,424,205,12288,4896,4896,5377,213,0,29534,119,390,624,177,13466,27,0,0,0,0
FTR,16560,4,-766,562,204,0,800,14,793,-1842,5482,132,804,868,12288,1325,1325,1363,218,0,29534,-551,-251,649,161,15200,27,0,0,0,0
FTR,16800,4,685,-697,13,0,800,9,798,-152,4327,805,195,484,12288,4184,4184,4174,265,0,29534,89,42,997,174,12695,11,0,0,0,0
FTR,17040,4,-616,731,-115,0,800,4,786,-298,3986,219,781,467,12288,906,906,1703,482,0,29534,199,-56,2762,219,11987,11,0,0,0,0
FTR,17280,4,584,-686,102,0,800,5,741,198,6382,944,56,626,12288,4057,4057,3633,191,0,29534,542,-687,189,217,20229,27,0,0,0,1
FTR,17520,4,-710,682,29,0,800,-8,804,182,4975,149,851,493,12288,1072,1072,1336,64,0,29534,-50,307,-1170,207,27035,27,0,0,0,0
FTR,17760,4,796,-520,-276,0,800,-16,809,-922,3251,715,323,285,12288,4517,4517,4624,375,0,29534,51,619,1600,198,32510,27,0,0,0,0
FTR,18000,4,-766,207,559,0,800,-3,792,-41,5426,131,671,869,12288,1826,1826,1477,178,0,29534,-300,103,-227,193,21475,27,0,0,0,0
FTR,18240,4,522,251,-773,0,800,3,788,-235,4625,803,709,197,12288,5564,5564,118,125,0,29534,103,86,-987,211,20811,11,0,0,0,0
FTR,18480,4,21,-701,680,0,800,-2,797,453,5131,459,138,862,12288,3165,3165,2524,205,0,29534,-167,-179,-123,196,19050,11,0,0,0,0
FTR,18720,4,-622,737,-115,0,800,9,793,361,3662,248,752,397,12288,913,913,6271,62,0,29534,537,28,-1503,212,20758,27,0,0,0,0
FTR,18960,4,741,-113,-627,0,800,-2,798,170,4984,846,392,154,12288,5091,5091,3475,396,0,29534,369,99,1524,191,24480,27,0,0,0,0
FTR,19200,4,-19,-678,697,0,800,12,794,-1001,4247,617,200,800,12288,3132,3132,1364,-9,0,29534,229,170,-2297,248,22023,27,0,0,0,0
FTR,19440,4,-761,595,166,0,800,51,799,-1313,2851,292,629,708,12288,1320,1320,5905,127,0,29534,550,1,-1184,250,30200,27,0,0,0,0
FTR,19680,4,267,501,-768,0,800,3,780,-1766,4192,470,820,180,12288,5938,5938,2201,146,0,29534,-480,114,-855,254,34877,27,0,0,0,0
FTR,19920,4,782,-597,-185,0,800,1,817,649,4623,828,172,448,12288,4419,4419,4625,122,0,29534,234,-380,-925,202,38215,27,0,0,0,0
FTR,20160,4,-56,-626,682,0,800,-16,757,-1182,6275,571,52,948,12288,3047,3047,2020,400,0,29534,364,-833,1558,195,32074,27,0,0,0,1
FTR,20400,4,-808,201,607,0,800,-27,840,840,6329,86,807,914,12288,1821,1821,4178,-90,0,29534,-893,125,-2752,189,33048,27,0,0,0,1
FTR,20640,4,-567,800,-233,0,800,-15,822,621,5406,150,850,229,12288,742,742,771,132,0,29534,-56,769,-690,192,32316,27,0,0,0,0
FTR,20880,4,126,597,-723,0,800,-21,772,-922,6318,536,950,50,12288,6092,6092,2859,-126,0,29534,46,1002,-2913,163,42578,27,0,0,0,1
FTR,21120,4,653,86,-739,0,800,-29,808,1061,6296,948,425,52,12288,5306,5306,4968,184,0,29534,1137,305,18,142,38843,27,0,0,0,1
FTR,21360,4,800,-463,-337,0,800,37,802,-558,2764,685,376,315,12288,4667,4667,372,321,0,29534,-408,-79,1411,130,40957,27,0,0,0,0
FTR,21600,4,661,-704,43,0,800,32,788,-1362,3086,719,281,339,12288,4174,4174,2650,-86,0,29534,-168,446,-2294,119,38398,27,0,0,0,0
FTR,21840,4,485,-758,273,0,800,2,768,-2677,5047,899,101,412,12288,3828,3828,3400,338,0,29534,854,441,1809,108,39124,27,0,0,0,0
FTR,22080,4,415,-859,444,0,800,-15,859,1191,5074,661,145,855,12288,3629,3629,4559,-41,0,29534,-87,-770,-1532,84,38083,27,0,0,0,0
FTR,22320,4,300,-787,487,0,800,37,793,-1284,2988,724,276,582,12288,3576,3576,5188,244,0,29534,-76,543,1249,49,38582,27,0,0,0,0
FTR,22560,4,394,-747,353,0,800,-21,747,-1989,6067,941,59,657,12288,3669,3669,277,-115,0,29534,1114,-165,-2002,71,37639,27,0,0,0,1
FTR,22800,4,536,-803,267,0,800,43,817,-662,2336,671,329,501,12288,3910,3910,521,133,0,29534,-414,295,438,49,36616,27,0,0,0,0
FTR,23040,4,678,-551,-128,0,800,-51,719,-815,6333,938,62,318,12288,4296,4296,778,-184,0,29534,1149,40,-2325,40,36070,27,0,0,0,1
FTR,23280,4,779,-350,-429,0,800,45,779,-2233,2972,755,607,245,12288,4830,4830,292,116,0,29534,-477,365,632,-7,35610,27,0,0,0,0
FTR,23520,4,616,244,-860,0,800,-5,887,1204,5617,904,544,96,12288,5510,5510,6095,-97,0,29534,1133,260,-1163,-4,37365,27,0,0,0,0
FTR,23760,4,-104,621,-517,0,800,-69,662,-1466,6214,281,932,68,12288,53,53,6149,91,0,29534,-556,1079,615,-29,35319,27,0,0,0,1
FTR,24000,4,-638,667,-29,0,800,13,754,-3232,4429,150,784,850,12288,1026,1026,5113,-253,0,29534,-297,-796,-2343,-26,34720,27,0,0,0,0
FTR,24240,4,-702,14,688,0,800,56,801,-1801,2607,353,294,706,12288,2146,2146,3091,206,0,29534,580,328,2149,-61,36663,27,0,0,0,0
FTR,24480,4,177,-811,634,0,800,53,851,164,2719,570,312,688,12288,3413,3413,2024,-116,0,29534,-561,142,-709,-79,35970,27,0,0,0,0
FTR,24720,4,859,-372,-487,0,800,32,861,659,3666,735,265,298,12288,4827,4827,5895,-309,0,29534,371,-604,-2222,-128,33641,27,0,0,0,0
FTR,24960,4,-65,795,-729,0,800,26,882,1110,3411,592,747,253,12288,104,104,4789,-39,0,29534,948,346,271,-113,34293,27,0,0,0,0
FTR,25200,4,-835,275,560,0,800,38,850,341,3274,285,652,715,12288,1811,1811,2437,-343,0,29534,-93,745,-2333,-123,31634,27,0,0,0,0
FTR,25440,4,361,-825,464,0,800,60,825,-703,2314,666,334,567,12288,3665,3665,1323,-127,0,29534,-467,332,-378,-109,36099,27,0,0,0,0
FTR,25680,4,484,270,-753,0,800,52,762,-3114,3297,423,816,184,12288,5666,5666,5236,183,0,29534,-685,10,2615,-123,34409,27,0,0,0,0
FTR,25920,4,-661,361,300,0,800,8,662,-3185,5534,50,533,950,12288,1530,1530,4044,-253,0,29534,-589,-1094,-1412,-118,34194,27,0,0,0,1
FTR,26160,5,448,-638,190,0,800,-77,651,984,6309,860,101,899,12288,3777,3777,2264,51,0,29534,686,-1179,1407,-109,33578,27,0,0,0,1
FTR,26400,5,268,597,-865,0,800,45,885,669,3389,684,719,281,12288,6026,6026,143,-300,0,29534,956,16,-1715,-121,34878,27,0,0,0,0
FTR,26640,5,-712,139,573,0,800,63,752,-3320,3240,305,193,807,12288,1992,1992,5160,-193,0,29534,816,-277,-787,-123,33464,27,0,0,0,0
FTR,26880,5,560,-519,-41,0,800,-9,624,-3003,5635,894,123,106,12288,4242,4242,3014,120,0,29534,1303,624,2153,-114,35894,27,0,0,0,1
FTR,27120,5,-204,701,-496,0,800,-57,718,1415,6226,512,950,50,12288,208,208,1343,-290,0,29534,345,1389,-1604,-125,33955,27,0,0,0,1
FTR,27360,5,-563,-265,828,0,800,38,845,411,3169,281,410,719,12288,2457,2457,6142,-27,0,29534,-445,603,775,-113,35192,27,0,0,0,0
FTR,27600,5,741,-417,-324,0,800,49,741,-3753,3609,853,673,147,12288,4707,4707,3763,187,0,29534,-304,946,2843,-121,37182,27,0,0,0,0
FTR,27840,5,-402,557,-155,0,800,-58,572,-2532,5861,50,950,526,12288,673,673,2570,-247,0,29534,-1319,265,-1212,-123,34972,27,0,0,0,1
FTR,28080,5,-129,-597,726,0,800,-40,774,1611,6178,144,100,900,12288,2922,2922,842,44,0,29534,-877,-772,1454,-112,36799,27,0,0,0,1
FTR,28320,5,793,-115,-678,0,800,60,855,-326,2699,691,519,309,12288,5172,5172,5047,-305,0,29534,117,-477,-1683,-132,36298,27,0,0,0,0
FTR,28560,5,-648,621,27,0,800,39,732,-3919,4233,102,647,898,12288,1138,1138,3828,-196,0,29534,-65,-977,-765,-127,34959,27,0,0,0,0
FTR,28800,5,246,-559,313,0,800,-116,548,-1397,6230,850,98,902,12288,3387,3387,1790,121,0,29534,1052,-959,2191,-115,38211,27,0,0,0,1
FTR,29040,5,471,346,-817,0,800,-29,820,1654,6167,946,608,54,12288,5637,5637,100,-266,0,29534,1309,449,-1356,-130,36285,27,0,0,0,1
FTR,29280,5,-836,455,381,0,800,69,835,-850,2306,328,541,672,12288,1603,1603,5029,-63,0,29534,542,523,448,-110,35719,27,0,0,0,0
FTR,29520,5,460,-718,259,0,800,19,727,-3840,4876,914,86,254,12288,3852,3852,2680,183,0,29534,856,799,2795,-113,37884,27,0,0,0,0
FTR,29760,5,8,488,-496,0,800,-95,561,-743,6342,551,949,51,12288,6102,6102,1376,-259,0,29534,-121,1498,-1312,-107,35096,27,0,0,0,1
FTR,30000,5,-814,38,776,0,800,14,919,1344,5010,150,680,850,12288,2068,2068,6001,41,0,29534,-985,449,1428,-110,37045,27,0,0,0,0
FTR,30240,5,726,-701,-26,0,800,80,820,-1687,2115,685,420,315,12288,4317,4317,3869,-409,0,29534,-506,159,-2627,-132,36947,27,0,0,0,0
FTR,30480,5,-193,705,-512,0,800,11,729,-3683,5215,55,945,384,12288,283,283,2654,-228,0,29534,-1136,-50,-1054,-126,35319,27,0,0,0,1
FTR,30720,5,-249,-330,579,0,800,-96,573,-16,6385,93,167,907,12288,2533,2533,727,100,0,29534,-546,-1187,1989,-106,38411,27,0,0,0,1
FTR,30960,5,865,-402,-463,0,800,25,865,1064,4675,815,185,289,12288,4782,4782,5212,-262,0,29534,722,-741,-1314,-129,36673,27,0,0,0,0
FTR,31200,5,-480,790,-310,0,800,80,792,-2118,2334,299,701,663,12288,748,748,3912,-106,0,29534,540,-494,54,-122,35751,27,0,0,0,0
FTR,31440,5,-105,-535,640,0,800,7,686,-3257,5492,797,84,916,12288,2998,2998,1650,164,0,29534,1193,-602,2605,-123,39108,27,0,0,0,1
FTR,31680,5,469,97,-567,0,800,-91,599,245,6380,950,479,50,12288,5247,5247,245,-250,0,29534,1229,843,-1230,-129,36417,27,0,0,0,1
FTR,31920,5,-816,686,129,0,800,16,877,1126,3801,223,777,441,12288,1213,1213,4988,17,0,29534,110,1019,1188,-108,36772,27,0,0,0,0
FTR,32160,5,174,-745,571,0,800,75,776,-2794,2718,774,226,465,12288,3463,3463,2711,-445,0,29534,161,743,-2952,-122,37383,27,0,0,0,0
FTR,32400,5,350,281,-630,0,800,10,632,-3219,5514,533,950,50,12288,5712,5712,1565,-251,0,29534,-433,1320,-1263,-108,35000,27,0,0,0,1
FTR,32640,5,-619,185,434,0,800,-76,631,771,6338,107,893,881,12288,1678,1678,6015,78,0,29534,-1295,98,1768,-102,37325,27,0,0,0,1
FTR,32880,5,594,-868,275,0,800,47,886,681,3185,704,296,681,12288,3928,3928,4133,-300,0,29534,-470,-616,-1662,-125,35961,27,0,0,0,0
FTR,33120,5,139,579,-718,0,800,59,760,-3062,3290,209,791,285,12288,6177,6177,2869,-200,0,29534,-530,-286,-816,-110,34751,27,0,0,0,0
FTR,33360,5,-469,-56,525,0,800,-28,576,-3073,5597,129,104,896,12288,2143,2143,722,143,0,29534,-44,-1395,2397,-114,38794,27,0,0,0,1
FTR,33600,5,696,-474,-222,0,800,-80,706,1229,6265,950,50,492,12288,4393,4393,5439,-257,0,29534,1140,-694,-1289,-117,36095,27,0,0,0,1
FTR,33840,5,-252,830,-578,0,800,49,850,480,2799,435,697,303,12288,359,359,4010,-14,0,29534,908,180,897,-107,35591,27,0,0,0,0
FTR,34080,5,-421,-322,744,0,800,50,744,-3723,3855,652,133,867,12288,2608,2608,1608,212,0,29534,974,-37,3079,-108,37635,27,0,0,0,0
FTR,34320,5,543,-142,-401,0,800,-69,559,-2614,5825,950,534,50,12288,4858,4858,442,-234,0,29534,915,1220,-1100,-117,35810,27,0,0,0,1
FTR,34560,5,-591,718,-128,0,800,-43,765,1462,6215,96,904,158,12288,824,824,5014,51,0,29534,-324,1313,1515,-105,36702,27,0,0,0,1
FTR,34800,5,-115,-670,785,0,800,57,846,-184,2754,499,305,695,12288,3073,3073,2965,-340,0,29534,-535,364,-2013,-117,35867,27,0,0,0,0
FTR,35040,5,611,30,-642,0,800,32,723,-3964,4516,674,911,89,12288,5323,5323,1755,-232,0,29534,-643,813,-1101,-112,34536,27,0,0,0,0
FTR,35280,5,-563,330,233,0,800,-103,557,-1853,6110,108,881,892,12288,1289,1289,5964,118,0,29534,-1274,-346,2163,-108,38083,27,0,0,0,1
FTR,35520,5,342,-827,485,0,800,-22,831,1735,6145,594,53,947,12288,3538,3538,4312,-273,0,29534,-270,-1127,-1423,-131,35456,27,0,0,0,1
FTR,35760,5,458,380,-838,0,800,69,836,-888,2407,544,679,321,12288,5788,5788,2917,-36,0,29534,230,-455,691,-111,35360,27,0,0,0,0
FTR,36000,5,-720,262,458,0,800,20,728,-4034,4949,76,238,924,12288,1754,1754,660,181,0,29534,328,-1136,2774,-124,38657,27,0,0,0,1
FTR,36240,5,492,-490,-2,0,800,-106,557,-1180,6275,950,50,500,12288,4003,4003,5614,-235,0,29534,1419,-260,-1097,-120,35971,27,0,0,0,1
FTR,36480,5,40,777,-817,0,800,12,921,1700,4979,726,847,153,12288,6253,6253,4024,33,0,29534,1069,809,1338,-99,35806,27,0,0,0,0
FTR,36720,5,-691,-29,720,0,800,73,812,-1732,2406,393,300,700,12288,2219,2219,1778,-396,0,29534,435,505,-2512,-110,36368,27,0,0,0,0
FTR,36960,5,701,-511,-190,0,800,10,725,-3807,5125,946,400,54,12288,4468,4468,636,-226,0,29534,503,1218,-1041,-109,35402,27,0,0,0,1
FTR,37200,5,-337,583,-246,0,800,-104,576,-289,6378,140,899,101,12288,434,434,5017,84,0,29534,-724,1163,1828,-110,37335,27,0,0,0,1
FTR,37440,5,-433,-471,903,0,800,37,903,1202,4439,193,321,807,12288,2684,2684,3195,-293,0,29534,-1020,-37,-1606,-124,35046,27,0,0,0,0
FTR,37680,5,785,-314,-471,0,800,84,786,-2436,2515,720,692,280,12288,4933,4933,1863,-158,0,29534,-591,71,-421,-116,34643,27,0,0,0,0
FTR,37920,5,-562,669,-107,0,800,1,718,-3492,5345,91,909,826,12288,899,899,5847,158,0,29534,-975,-592,2562,-122,38580,27,0,0,0,1
FTR,38160,5,97,-557,460,0,800,-93,588,286,6379,471,50,950,12288,3149,3149,4505,-251,0,29534,182,-1357,-1245,-134,35446,27,0,0,0,1
FTR,38400,5,691,128,-819,0,800,15,881,1104,3933,786,445,214,12288,5398,5398,2938,37,0,29534,901,-388,1370,-113,35891,27,0,0,0,0
FTR,38640,5,-739,568,171,0,800,73,770,-2982,2676,219,447,781,12288,1364,1364,556,-435,0,29534,614,-512,-2848,-137,37439,27,0,0,0,0
FTR,38880,5,308,-682,373,0,800,3,683,-3010,5631,948,52,566,12288,3614,3614,5760,-220,0,29534,1335,115,-975,-123,35827,27,0,0,0,1
FTR,39120,5,182,431,-613,0,800,-80,624,990,6308,901,854,99,12288,5863,5863,3970,72,0,29534,857,1246,1715,-101,36630,27,0,0,0,1
FTR,39360,5,-855,273,583,0,800,46,873,495,3322,283,665,717,12288,1829,1829,2021,-312,0,29534,-229,826,-1769,-112,35469,27,0,0,0,0
FTR,39600,5,573,-725,152,0,800,68,761,-3228,3060,795,316,205,12288,4079,4079,737,-183,0,29534,-88,871,-647,-110,35421,27,0,0,0,0
FTR,39840,5,-27,551,-524,0,800,1,621,-3179,5537,101,899,139,12288,45,45,4880,133,0,29534,-1060,834,2315,-111,38631,27,0,0,0,1
FTR,40080,5,-468,-200,667,0,800,-65,682,1258,6260,50,499,950,12288,2294,2294,3348,-274,0,29534,-1205,-437,-1446,-125,35297,27,0,0,0,1
FTR,40320,5,828,-578,-251,0,800,47,848,251,2784,690,310,411,12288,4544,4544,1879,-20,0,29534,-257,-575,842,-113,35649,27,0,0,0,0
FTR,40560,5,-321,750,-429,0,800,52,751,-3493,3522,161,839,646,12288,510,510,5697,-462,0,29534,-357,-645,-3089,-129,38271,27,0,0,0,0
FTR,40800,5,-137,-393,530,0,800,-71,545,-2664,5802,538,51,949,12288,2759,2759,4632,-230,0,29534,607,-1294,-1066,-133,35676,27,0,0,0,1
FTR,41040,5,717,-136,-581,0,800,-37,760,1395,6231,906,163,94,12288,5009,5009,2889,70,0,29534,1357,-182,1694,-112,36920,27,0,0,0,1
FTR,41280,5,-674,796,-123,0,800,61,855,-412,2377,331,669,529,12288,975,975,809,-333,0,29534,683,337,-1941,-135,36717,27,0,0,0,0
FTR,41520,5,16,-654,638,0,800,46,745,-3587,4112,873,127,663,12288,3224,3224,5896,-194,0,29534,867,417,-747,-121,36064,27,0,0,0,0
FTR,41760,5,290,239,-530,0,800,-121,517,-1714,6151,893,880,107,12288,5474,5474,3927,116,0,29534,365,1533,2130,-101,37779,27,0,0,0,1
FTR,42000,5,-848,503,345,0,800,-20,852,1591,6184,54,946,609,12288,1440,1440,2201,-290,0,29534,-701,946,-1581,-114,35271,27,0,0,0,1
FTR,42240,5,373,-835,461,0,800,71,833,-771,2224,664,336,547,12288,3689,3689,863,-91,0,29534,-517,293,186,-100,35275,27,0,0,0,0
FTR,42480,5,268,452,-720,0,800,24,727,-3835,4858,260,914,86,12288,5939,5939,4862,166,0,29534,-931,363,2630,-115,38193,27,0,0,0,0
FTR,42720,5,-474,-8,482,0,800,-112,541,-1001,6306,50,525,950,12288,1905,1905,3595,-259,0,29534,-991,-859,-1325,-122,34436,27,0,0,0,1
FTR,42960,5,771,-825,54,0,800,22,923,1375,4457,811,189,687,12288,4154,4154,1947,38,0,29534,193,-1030,1382,-111,35599,27,0,0,0,0
FTR,43200,5,-27,729,-702,0,800,72,824,-1378,2360,322,678,371,12288,120,120,6015,-350,0,29534,402,-388,-2092,-126,36390,27,0,0,0,0
FTR,43440,5,-506,-185,691,0,800,10,715,-3763,5158,390,55,945,12288,2370,2370,4841,-221,0,29534,809,-923,-993,-110,34918,27,0,0,0,1
FTR,43680,5,576,-246,-330,0,800,-102,569,-268,6379,901,99,145,12288,4619,4619,2894,103,0,29534,1466,273,2009,-100,36442,27,0,0,0,1
FTR,43920,5,-464,860,-396,0,800,14,861,1339,4430,337,812,188,12288,585,585,1048,-295,0,29534,610,1010,-1609,-111,35670,27,0,0,0,0
FTR,44160,5,-311,-488,800,0,800,72,803,-1832,2538,620,290,710,12288,2835,2835,6030,-118,0,29534,186,603,-52,-116,35936,27,0,0,0,0
FTR,44400,5,642,-115,-527,0,800,12,684,-3448,5374,911,817,89,12288,5084,5084,3813,152,0,29534,-25,1412,2498,-107,37955,27,0,0,0,1
FTR,44640,5,-576,487,89,0,800,-87,614,220,6381,50,950,476,12288,1050,1050,2389,-266,0,29534,-1122,670,-1373,-120,35032,27,0,0,0,1
FTR,44880,5,128,-809,682,0,800,9,870,1356,3929,412,212,788,12288,3300,3300,861,9,0,29534,-822,-354,1117,-103,35923,27,0,0,0,0
FTR,45120,5,579,174,-753,0,800,71,786,-2597,2764,491,767,233,12288,5549,5549,4826,-445,0,29534,-501,-173,-2949,-126,37409,27,0,0,0,0
FTR,45360,5,-658,369,289,0,800,10,659,-3230,5508,51,538,949,12288,1515,1515,3720,-232,0,29534,-598,-1095,-1092,-123,34494,27,0,0,0,1
FTR,45600,5,444,-642,198,0,800,-77,653,1005,6305,850,98,902,12288,3765,3765,1922,74,0,29534,657,-1192,1728,-111,36695,27,0,0,0,1
FTR,45840,5,260,594,-854,0,800,29,875,924,3729,730,736,264,12288,6014,6014,6254,-281,0,29534,1012,79,-1481,-127,36037,27,0,0,0,0
FTR,46080,5,-720,150,570,0,800,64,757,-3153,3106,305,209,791,12288,1980,1980,4950,-165,0,29534,803,-194,-485,-109,35052,27,0,0,0,0
FTR,46320,5,552,-524,-29,0,800,-3,622,-3081,5592,894,124,106,12288,4230,4230,2788,141,0,29534,1297,636,2389,-102,37392,27,0,0,0,1
FTR,46560,5,-198,690,-492,0,800,-61,707,1385,6233,518,950,50,12288,196,196,1252,-281,0,29534,331,1401,-1501,-104,35098,27,0,0,0,1
FTR,46800,5,-575,-260,835,0,800,35,854,513,3243,273,423,727,12288,2445,2445,6103,-13,0,29534,-513,577,906,-108,35985,27,0,0,0,0
FTR,47040,5,741,-428,-313,0,800,53,742,-3672,3520,846,663,154,12288,4695,4695,3764,191,0,29534,-323,886,2881,-122,37458,27,0,0,0,0
FTR,47280,5,-393,557,-164,0,800,-54,570,-2613,5826,50,950,528,12288,661,661,2601,-249,0,29534,-1318,254,-1236,-128,34578,27,0,0,0,1
FTR,47520,5,-128,-583,710,0,800,-47,756,1589,6184,138,101,899,12288,2910,2910,870,44,0,29534,-876,-807,1448,-109,36524,27,0,0,0,1
FTR,47760,5,792,-117,-675,0,800,52,853,-134,2872,703,490,297,12288,5160,5160,5104,-298,0,29534,184,-500,-1628,-131,35978,27,0,0,0,0
FTR,48000,5,-646,629,18,0,800,40,735,-3846,4098,113,646,887,12288,1126,1126,3912,-199,0,29534,-15,-947,-798,-127,34441,27,0,0,0,0
FTR,48240,5,243,-554,311,0,800,-120,542,-1515,6203,855,99,901,12288,3375,3375,1853,117,0,29534,1078,-950,2144,-117,37635,27,0,0,0,1
FTR,48480,5,466,332,-798,0,800,-31,801,1601,6181,946,605,54,12288,5625,5625,134,-268,0,29534,1326,477,-1375,-133,35751,27,0,0,0,1
FTR,48720,5,-841,464,377,0,800,67,840,-729,2340,331,560,669,12288,1591,1591,5061,-58,0,29534,500,558,488,-112,35386,27,0,0,0,0
FTR,48960,5,448,-723,275,0,800,27,729,-3892,4747,908,92,251,12288,3840,3840,2717,181,0,29534,818,801,2782,-114,37519,27,0,0,0,0
FTR,49200,5,3,484,-487,0,800,-105,550,-811,6333,552,949,51,12288,6090,6090,1414,-261,0,29534,-140,1500,-1337,-107,34766,27,0,0,0,1
FTR,49440,5,-809,43,766,0,800,8,911,1422,5267,133,698,867,12288,2056,2056,6063,38,0,29534,-1016,431,1392,-110,36678,27,0,0,0,0
FTR,49680,5,728,-712,-16,0,800,81,827,-1566,2147,679,404,321,12288,4305,4305,3912,-401,0,29534,-490,96,-2558,-132,36517,27,0,0,0,0
FTR,49920,5,-182,701,-519,0,800,13,727,-3717,5191,55,945,380,12288,271,271,2723,-234,0,29534,-1102,-65,-1108,-127,34796,27,0,0,0,1
FTR,50160,5,-247,-322,570,0,800,-98,563,-154,6383,95,161,905,12288,2521,2521,772,98,0,29534,-519,-1214,1972,-108,37846,27,0,0,0,1
FTR,50400,5,879,-423,-456,0,800,31,879,1095,4715,820,180,296,12288,4770,4770,5267,-266,0,29534,756,-755,-1355,-130,36155,27,0,0,0,0
FTR,50640,5,-479,793,-314,0,800,75,795,-1940,2327,302,698,639,12288,736,736,3979,-104,0,29534,571,-446,65,-124,35265,27,0,0,0,0
FTR,50880,5,-117,-535,651,0,800,9,694,-3335,5445,799,84,916,12288,2986,2986,1786,152,0,29534,1189,-579,2483,-115,38341,27,0,0,0,1
FTR,51120,5,460,93,-552,0,800,-93,584,131,6384,950,483,50,12288,5235,5235,350,-259,0,29534,1222,868,-1319,-123,35833,27,0,0,0,1
FTR,51360,5,-801,677,124,0,800,8,862,1255,4066,203,797,425,12288,1201,1201,5138,5,0,29534,84,1062,1066,-104,35284,27,0,0,0,0
FTR,51600,5,158,-747,589,0,800,84,783,-2743,2676,770,230,472,12288,3451,3451,2790,-447,0,29534,113,714,-2975,-120,36118,27,0,0,0,0
FTR,51840,5,362,278,-640,0,800,11,642,-3222,5512,542,949,51,12288,5700,5700,1628,-257,0,29534,-447,1300,-1313,-116,33931,27,0,0,0,1
FTR,52080,5,-607,179,428,0,800,-85,617,701,6346,107,893,880,12288,1666,1666,6086,73,0,29534,-1322,57,1729,-108,36483,27,0,0,0,1
FTR,52320,5,591,-865,275,0,800,38,883,838,3399,715,285,710,12288,3916,3916,4176,-300,0,29534,-450,-659,-1652,-129,35369,27,0,0,0,0
FTR,52560,5,153,576,-729,0,800,63,767,-3033,3185,215,785,289,12288,6165,6165,2920,-201,0,29534,-492,-297,-818,-112,34220,27,0,0,0,0
FTR,52800,5,-484,-40,524,0,800,-18,583,-3152,5553,130,104,896,12288,2131,2131,751,140,0,29534,-27,-1389,2380,-116,38208,27,0,0,0,1
FTR,53040,5,670,-472,-198,0,800,-68,685,1034,6301,950,50,477,12288,4381,4381,5485,-259,0,29534,1169,-664,-1305,-118,35580,27,0,0,0,1
FTR,53280,5,-244,836,-592,0,800,51,859,538,2855,443,702,298,12288,347,347,4046,-11,0,29534,923,244,924,-108,35194,27,0,0,0,0
FTR,53520,5,-428,-313,741,0,800,50,742,-3624,3797,638,139,861,12288,2596,2596,1653,211,0,29534,940,-4,3068,-109,37108,27,0,0,0,0
FTR,53760,5,549,-156,-393,0,800,-62,562,-2750,5762,949,543,51,12288,4846,4846,481,-237,0,29534,897,1232,-1124,-117,35447,27,0,0,0,1
FTR,54000,5,-575,702,-128,0,800,-48,747,1431,6223,97,903,153,12288,812,812,5053,48,0,29534,-348,1323,1490,-106,36189,27,0,0,0,1
FTR,54240,5,-121,-669,790,0,800,53,849,-60,2826,480,301,699,12288,3061,3061,2993,-335,0,29534,-579,332,-1964,-118,35309,27,0,0,0,0
FTR,54480,5,616,19,-635,0,800,35,722,-3913,4455,680,905,95,12288,5311,5311,1741,-229,0,29534,-636,769,-1064,-112,34232,27,0,0,0,0
FTR,54720,5,-559,337,222,0,800,-98,554,-1998,6064,105,873,895,12288,1277,1277,5953,120,0,29534,-1274,-360,2183,-105,37849,27,0,0,0,1
FTR,54960,5,335,-809,474,0,800,-33,813,1753,6139,583,53,947,12288,3526,3526,4331,-272,0,29534,-252,-1156,-1421,-128,35547,27,0,0,0,1
FTR,55200,5,474,373,-848,0,800,72,846,-782,2428,561,676,324,12288,5776,5776,2960,-32,0,29534,280,-454,733,-108,35029,27,0,0,0,0
FTR,55440,5,-718,271,447,0,800,22,725,-4048,4931,75,244,925,12288,1742,1742,701,179,0,29534,339,-1109,2749,-124,38175,27,0,0,0,0
FTR,55680,5,487,-487,0,0,800,-110,551,-1276,6256,950,50,497,12288,3991,3991,5650,-236,0,29534,1433,-234,-1114,-120,35526,27,0,0,0,1
FTR,55920,5,43,765,-808,0,800,4,909,1788,5283,746,867,133,12288,6241,6241,4057,32,0,29534,1069,840,1324,-100,35447,27,0,0,0,0
FTR,56160,5,-699,-18,717,0,800,74,814,-1637,2452,378,305,695,12288,2207,2207,1813,-392,0,29534,382,517,-2473,-110,35966,27,0,0,0,0
FTR,56400,5,701,-519,-182,0,800,10,727,-3850,5093,946,397,54,12288,4456,4456,671,-228,0,29534,477,1202,-1062,-109,35089,27,0,0,0,1
FTR,56640,5,-334,573,-239,0,800,-112,565,-368,6374,140,899,101,12288,422,422,5068,81,0,29534,-755,1148,1802,-111,36856,27,0,0,0,1
FTR,56880,5,-452,-469,921,0,800,39,920,1281,4554,182,328,818,12288,2672,2672,3229,-294,0,29534,-1054,-68,-1612,-125,34571,27,0,0,0,0
FTR,57120,5,792,-322,-469,0,800,81,792,-2287,2496,717,671,283,12288,4921,4921,1913,-155,0,29534,-564,25,-396,-118,34094,27,0,0,0,0
FTR,57360,5,-551,675,-124,0,800,10,719,-3575,5291,92,908,828,12288,887,887,5925,151,0,29534,-960,-595,2493,-123,38039,27,0,0,0,1
FTR,57600,5,93,-547,455,0,800,-95,578,159,6383,477,50,950,12288,3137,3137,4552,-254,0,29534,213,-1370,-1272,-136,35009,27,0,0,0,1
FTR,57840,5,677,121,-798,0,800,7,860,1191,4236,808,434,192,12288,5386,5386,3019,32,0,29534,938,-370,1319,-116,35241,27,0,0,0,0
FTR,58080,5,-741,575,166,0,800,70,774,-2864,2633,227,460,773,12288,1352,1352,601,-436,0,29534,608,-468,-2854,-139,36798,27,0,0,0,0
FTR,58320,5,297,-690,393,0,800,11,692,-3141,5559,949,51,557,12288,3602,3602,5817,-224,0,29534,1327,142,-1012,-125,35256,27,0,0,0,1
FTR,58560,5,179,423,-602,0,800,-85,612,920,6318,901,853,99,12288,5851,5851,4008,70,0,29534,826,1264,1701,-103,36172,27,0,0,0,1
FTR,58800,5,-865,279,586,0,800,39,882,630,3406,281,688,719,12288,1817,1817,2052,-310,0,29534,-285,834,-1742,-114,34984,27,0,0,0,0
FTR,59040,5,568,-728,160,0,800,67,762,-3094,3012,784,309,216,12288,4067,4067,768,-182,0,29534,-114,838,-643,-110,35093,27,0,0,0,0
FTR,59280,5,-13,549,-536,0,800,8,627,-3215,5516,102,898,135,12288,33,33,4928,129,0,29534,-1050,818,2272,-112,38187,27,0,0,0,1
FTR,59520,5,-460,-193,653,0,800,-70,667,1211,6269,50,502,950,12288,2282,2282,3405,-278,0,29534,-1206,-464,-1484,-126,34744,27,0,0,0,1
FTR,59760,5,819,-583,-236,0,800,50,841,287,2927,701,299,413,12288,4532,4532,1984,-24,0,29534,-222,-597,800,-116,34830,27,0,0,0,0
FTR,60000,5,-310,752,-442,0,800,57,753,-3422,3456,166,834,636,12288,498,498,5765,-465,0,29534,-311,-628,-3112,-133,37472,27,0,0,0,0
foc_stop
FOC stopped; gate enable and TIM1 outputs are disabled.
msh >
msh >
foc_trace stop
FOC trace stopped; dropped=0.
msh >
msh >foc_status
FOC state=open-loop-hold observerFOC alive flags=0x0000231f sync=29972434 steps=60179 errors=0 Vbus=12288mV.
9972434 steps=60179 errors=0 Vbus=12288mV.
 rpm estimate=88rpm.
FOC Iref d/q=0/800mA I d/q=-88/612mA V d/q=580/6358mV.
FOC observer bemf a/b=-788/1131mV pllerr=1873mrad speed mean/var=-122/38037 gate=0x1b streak=0 wait/loss=0/0ms vlim=1.
FOC flags=0x0000231f steps=60179 errors=0 ISRmax=11828/12500 cycles misses=0 peak=590 (~941mA).
FOC timing independent peaks pre/control/post=507/7684/3707 cycles; do not sum.
FOC rates PWM/control=12000/12000Hz ratio=1 delay=1 PWM ticks ADC trigger=1.
FOC sync interval last/min/avg/max=0/0/0/0 cycles (0 samples); monitor ISR=0/0/0 cycles.
FOC WCET step=34320 total=11828 pre/control/post=487/7657/3684 trace=1/1 samples=60179 invalid=0.
FTIMING,1,60179,0,34320,11828,487,7657,3684,1,1,507,7684,3707,12500,0,0,0,8991
FOC last status=0 rust_fault=0x00000000 duty=500/500/500 per-mille.
FOC boot-profile status=0 rev=1 board=0x43116001 motor=0x28041007 approvals=0x00 runtime/record CRC=0x8c7a8df4/0xd9f996c3.
FOC ADC U/V/W=1951/1934/1952 offsets=1951/1933/1953 Vbus=953 (~12288mV) Pot=2047.
msh >
msh >
