foc_stop
FOC stopped; gate enable and TIM1 outputs are disabled.
msh >
msh >
foc_phase_capture stop
FOC phase capture stopped; IO_BEMF disabled.
msh >
msh >
foc_phase_capture start
FOC phase capture armed: 256 samples at 12kHz (~21.33ms), outputs remain DISABLED.
msh >
msh >
foc_phase_capture status
FOC phase capture state=complete rate=12000Hz samples=256/256 unread=256 window=21333us raw-only.
msh >
msh >
foc_phase_capture dump
FPV_HEADER,sequence,phase_u_raw,phase_v_raw,phase_w_raw,current_u_raw,current_v_raw,bus_last_raw
FPV,0,117,87,68,1947,1932,952
FPV,1,114,84,66,1949,1933,952
FPV,2,113,85,103,1951,1932,952
FPV,3,114,84,101,1952,1931,952
FPV,4,114,85,100,1953,1931,952
FPV,5,112,84,105,1950,1931,952
FPV,6,111,85,102,1949,1933,952
FPV,7,112,83,97,1952,1933,952
FPV,8,115,84,103,1952,1931,952
FPV,9,114,82,69,1950,1932,952
FPV,10,113,84,100,1951,1933,952
FPV,11,115,84,69,1951,1933,952
FPV,12,113,82,98,1951,1932,952
FPV,13,115,85,70,1950,1932,952
FPV,14,113,81,100,1951,1933,952
FPV,15,115,83,69,1951,1932,952
FPV,16,112,84,100,1951,1931,952
FPV,17,115,84,70,1951,1933,952
FPV,18,112,82,83,1949,1933,952
FPV,19,114,84,100,1953,1932,952
FPV,20,112,84,100,1951,1932,952
FPV,21,113,84,105,1949,1931,952
FPV,22,114,84,69,1952,1932,952
FPV,23,114,83,103,1952,1933,952
FPV,24,116,86,69,1951,1933,952
FPV,25,115,82,66,1951,1932,952
FPV,26,113,83,63,1950,1932,952
FPV,27,114,83,70,1948,1931,952
FPV,28,115,84,105,1952,1933,952
FPV,29,111,82,98,1951,1933,952
FPV,30,112,83,99,1951,1932,952
FPV,31,111,82,75,1949,1934,952
FPV,32,113,81,63,1947,1932,952
FPV,33,114,83,72,1949,1932,952
FPV,34,115,85,107,1953,1933,952
FPV,35,114,83,63,1950,1932,952
FPV,36,115,84,68,1950,1932,952
FPV,37,113,82,68,1949,1933,952
FPV,38,112,80,99,1953,1932,952
FPV,39,109,80,98,1950,1932,952
FPV,40,110,81,95,1951,1932,952
FPV,41,112,81,66,1950,1933,952
FPV,42,112,81,99,1952,1932,952
FPV,43,110,80,96,1951,1934,952
FPV,44,112,80,95,1951,1933,952
FPV,45,113,82,65,1951,1933,952
FPV,46,112,81,68,1950,1933,952
FPV,47,111,80,95,1951,1932,952
FPV,48,113,80,61,1951,1933,952
FPV,49,113,82,103,1953,1932,952
FPV,50,109,80,95,1951,1932,952
FPV,51,111,79,61,1951,1933,952
FPV,52,113,80,62,1951,1933,952
FPV,53,113,81,66,1951,1931,952
FPV,54,112,80,98,1952,1932,952
FPV,55,109,80,97,1950,1932,952
FPV,56,109,80,96,1951,1933,952
FPV,57,110,80,96,1951,1933,952
FPV,58,108,80,97,1951,1932,952
FPV,59,114,77,64,1951,1932,952
FPV,60,112,82,102,1953,1934,952
FPV,61,109,80,97,1950,1932,952
FPV,62,112,78,63,1950,1932,952
FPV,63,109,79,95,1953,1932,952
FPV,64,112,80,66,1950,1931,952
FPV,65,112,79,59,1951,1931,952
FPV,66,107,79,98,1951,1933,952
FPV,67,112,81,101,1953,1932,952
FPV,68,114,80,65,1950,1932,952
FPV,69,113,79,64,1951,1933,952
FPV,70,109,80,98,1950,1933,952
FPV,71,112,82,67,1951,1932,952
FPV,72,112,80,65,1950,1932,952
FPV,73,111,82,68,1947,1931,952
FPV,74,113,83,66,1949,1933,952
FPV,75,113,81,78,1951,1931,952
FPV,76,114,81,66,1950,1932,952
FPV,77,113,82,65,1950,1932,952
FPV,78,113,79,60,1951,1933,952
FPV,79,112,79,62,1951,1933,952
FPV,80,110,80,96,1955,1931,952
FPV,81,110,80,95,1956,1933,952
FPV,82,111,79,97,1951,1932,952
FPV,83,111,81,88,1951,1931,952
FPV,84,110,80,96,1951,1931,952
FPV,85,111,81,59,1948,1933,952
FPV,86,113,80,65,1951,1933,952
FPV,87,111,81,100,1950,1932,952
FPV,88,111,79,99,1952,1933,952
FPV,89,114,80,60,1950,1932,952
FPV,90,114,82,68,1951,1932,952
FPV,91,112,81,101,1950,1932,952
FPV,92,112,81,96,1949,1932,952
FPV,93,115,82,66,1951,1933,952
FPV,94,114,84,102,1953,1934,952
FPV,95,111,80,68,1948,1932,952
FPV,96,116,83,65,1951,1932,952
FPV,97,112,82,103,1950,1931,952
FPV,98,114,83,103,1951,1932,952
FPV,99,111,81,96,1951,1932,952
FPV,100,115,83,64,1952,1933,952
FPV,101,114,83,97,1954,1933,952
FPV,102,111,83,101,1950,1932,952
FPV,103,112,82,62,1951,1933,952
FPV,104,116,83,68,1950,1932,952
FPV,105,114,83,103,1954,1932,952
FPV,106,112,84,100,1951,1932,952
FPV,107,114,82,66,1950,1932,952
FPV,108,116,83,64,1951,1933,952
FPV,109,113,83,63,1950,1932,952
FPV,110,115,83,64,1951,1932,952
FPV,111,117,85,66,1951,1933,952
FPV,112,117,84,65,1952,1933,952
FPV,113,115,86,69,1951,1933,952
FPV,114,117,87,73,1948,1933,952
FPV,115,114,84,105,1953,1932,952
FPV,116,118,88,71,1949,1932,952
FPV,117,117,84,69,1950,1931,952
FPV,118,115,83,66,1948,1932,952
FPV,119,118,84,67,1951,1932,952
FPV,120,119,86,69,1951,1932,952
FPV,121,117,87,71,1951,1932,952
FPV,122,117,86,70,1951,1933,952
FPV,123,117,87,72,1951,1933,952
FPV,124,117,87,73,1946,1933,952
FPV,125,115,85,102,1951,1931,952
FPV,126,115,87,107,1950,1932,952
FPV,127,117,88,73,1949,1932,952
FPV,128,116,85,72,1949,1933,952
FPV,129,116,85,65,1947,1932,952
FPV,130,118,85,68,1952,1933,952
FPV,131,118,87,72,1950,1931,952
FPV,132,117,87,108,1952,1932,952
FPV,133,115,86,101,1956,1932,952
FPV,134,115,85,100,1956,1931,952
FPV,135,118,86,69,1953,1933,952
FPV,136,118,85,69,1951,1933,952
FPV,137,117,89,71,1950,1932,952
FPV,138,118,85,68,1951,1931,952
FPV,139,117,87,80,1952,1932,952
FPV,140,117,87,95,1952,1932,952
FPV,141,115,88,107,1950,1933,952
FPV,142,115,88,106,1951,1933,952
FPV,143,117,88,100,1952,1932,952
FPV,144,119,87,68,1951,1932,952
FPV,145,120,87,73,1951,1932,952
FPV,146,119,88,72,1949,1932,952
FPV,147,118,90,75,1948,1931,952
FPV,148,118,88,82,1952,1932,952
FPV,149,115,86,100,1952,1932,952
FPV,150,118,88,71,1950,1933,952
FPV,151,119,89,107,1952,1933,952
FPV,152,115,88,104,1952,1932,952
FPV,153,116,85,66,1950,1933,952
FPV,154,117,87,71,1950,1933,952
FPV,155,114,87,108,1950,1932,952
FPV,156,115,88,104,1950,1932,952
FPV,157,117,88,100,1952,1932,952
FPV,158,116,89,104,1951,1933,952
FPV,159,116,86,103,1951,1932,952
FPV,160,118,88,107,1952,1933,952
FPV,161,118,89,72,1951,1932,952
FPV,162,115,86,101,1952,1933,952
FPV,163,115,86,100,1950,1932,952
FPV,164,115,85,102,1951,1931,952
FPV,165,116,87,67,1948,1933,952
FPV,166,117,85,70,1950,1932,952
FPV,167,114,87,108,1950,1932,952
FPV,168,115,84,102,1950,1931,952
FPV,169,118,86,71,1951,1932,952
FPV,170,117,88,98,1952,1932,952
FPV,171,114,86,102,1951,1932,952
FPV,172,116,85,67,1950,1933,952
FPV,173,119,87,72,1949,1932,952
FPV,174,117,87,74,1950,1930,952
FPV,175,115,87,104,1951,1931,952
FPV,176,114,87,108,1950,1932,952
FPV,177,118,87,72,1951,1932,952
FPV,178,114,86,103,1FOC alive flags=0x0004231f sync=181355 steps=0 errors=0 Vbus=12275mV.
04231f sync=1FPV,179,117,87,71,1950,1932,952
FPV,180,115,83,102,1952,1933,952
FPV,181,117,87,72,1946,1933,952
FPV,182,114,87,104,1951,1933,952
FPV,183,117,87,73,1949,1932,952
FPV,184,113,87,107,1951,1932,952
FPV,185,119,87,68,1951,1931,952
FPV,186,116,87,108,1951,1931,952
FPV,187,119,88,109,1954,1932,952
FPV,188,117,88,107,1953,1932,952
FPV,189,117,87,80,1953,1931,952
FPV,190,118,85,68,1950,1932,952
FPV,191,118,85,67,1950,1932,952
FPV,192,115,86,66,1950,1931,952
FPV,193,115,85,64,1947,1932,952
FPV,194,113,84,101,1951,1933,952
FPV,195,115,85,65,1947,1933,952
FPV,196,114,85,86,1950,1932,952
FPV,197,119,86,68,1951,1932,952
FPV,198,115,84,98,1952,1932,952
FPV,199,115,85,102,1951,1932,952
FPV,200,114,86,103,1951,1933,952
FPV,201,113,85,104,1950,1932,952
FPV,202,116,85,72,1952,1933,952
FPV,203,117,85,68,1951,1932,952
FPV,204,114,85,103,1952,1932,952
FPV,205,118,87,73,1949,1931,952
FPV,206,114,84,96,1950,1932,952
FPV,207,116,87,105,1950,1931,952
FPV,208,115,85,74,1949,1933,952
FPV,209,117,87,73,1948,1931,952
FPV,210,113,84,101,1950,1932,952
FPV,211,115,85,89,1949,1933,952
FPV,212,117,87,72,1950,1932,952
FPV,213,115,85,64,1950,1933,952
FPV,214,117,87,74,1951,1933,952
FPV,215,119,85,69,1950,1933,952
FPV,216,113,84,99,1952,1933,952
FPV,217,115,87,104,1950,1932,952
FPV,218,116,87,100,1951,1933,952
FPV,219,113,86,107,1949,1932,952
FPV,220,116,86,99,1951,1931,952
FPV,221,116,87,106,1952,1932,952
FPV,222,116,87,72,1949,1932,952
FPV,223,113,85,104,1950,1932,952
FPV,224,115,84,102,1951,1933,952
FPV,225,116,84,66,1951,1931,952
FPV,226,116,84,69,1950,1933,952
FPV,227,117,85,72,1949,1931,952
FPV,228,116,87,72,1946,1932,952
FPV,229,116,85,71,1946,1933,952
FPV,230,116,83,66,1951,1932,952
FPV,231,114,85,64,1951,1933,952
FPV,232,114,84,98,1951,1934,952
FPV,233,113,84,68,1947,1932,952
FPV,234,113,83,100,1950,1932,952
FPV,235,113,86,105,1950,1933,952
FPV,236,118,85,67,1951,1933,952
FPV,237,113,83,99,1951,1933,952
FPV,238,115,84,72,1949,1932,952
FPV,239,116,84,70,1950,1933,952
FPV,240,115,83,66,1951,1933,952
FPV,241,117,83,66,1951,1932,952
FPV,242,114,84,91,1950,1931,952
FPV,243,113,83,67,1949,1932,952
FPV,244,113,82,98,1951,1932,952
FPV,245,116,83,64,1950,1931,952
FPV,246,114,83,94,1951,1931,952
FPV,247,113,83,97,1952,1933,952
FPV,248,113,84,101,1951,1932,952
FPV,249,113,85,104,1950,1931,952
FPV,250,115,83,69,1950,1931,952
FPV,251,115,85,71,1951,1932,952
FPV,252,115,83,68,1949,1932,952
FPV,253,115,85,70,1950,1932,952
FPV,254,115,83,64,1951,1932,952
FPV,255,115,82,64,1950,1933,952
msh >
msh >
foc_status
FOC state=uninitialized observer=rust-smo-pll reliable=0 closed=0 target=0rpm estimate=0rpm.
FOC Iref d/q=0/0mA I d/q=0/0mA V d/q=0/0mV.
FOC observer bemf a/b=0/0mV pllerr=0mrad speed mean/var=0/0 gate=0x00 streak=0 wait/loss=0/0ms vlim=0.
FOC flags=0x0004231f steps=0 errors=0 ISRmax=0/12500 cycles misses=0 peak=0 (~0mA).
FOC timing independent peaks pre/control/post=0/0/0 cycles; do not sum.
FOC rates PWM/control=12000/12000Hz ratio=1 delay=1 PWM ticks ADC trigger=1.
FOC sync interval last/min/avg/max=0/0/0/0 cycles (0 samples); monitor ISR=0/0/0 cycles.
FOC WCET step=0 total=0 pre/control/post=0/0/0 trace=0/0 samples=0 invalid=0.
FTIMING,1,0,0,0,0,0,0,0,0,0,0,0,0,12500,0,0,0,271135
FOC last status=0 rust_fault=0x00000000 duty=0/0/0 per-mille.
FOC boot-profile status=0 rev=1 board=0x43116001 motor=0x28041007 approvals=0x00 runtime/record CRC=0x8c7a8df4/0xd9f996c3.
FOC ADC U/V/W=1951/1932/1953 offsets=1951/1933/1952 Vbus=953 (~12288mV) Pot=2048.
msh >
msh >
foc_phase_capture stop
FOC phase capture stopped; IO_BEMF disabled.
msh >
msh >
foc_stop
FOC stopped; gate enable and TIM1 outputs are disabled.
msh >
msh >
