ALV,0004231f,4384012,123257,0,12301
foc_stop
FSTOP
msh >
msh >
foc_phase_capture stop
FPV stopped.
msh >
msh >
foc_cfg show
C0,rust-smo-pll,1/1,0,582/800/800,2000/5000/50,900
CL,7000/18000,1150,30/970,12750
CO,4000/240/15,40/600/1000
CG,524/0,650/650,250,10,20,5000/200,500,470/200,4000
CA,0/0
CI,0/0/0,12000,550,1000,5,1000,0
msh >
msh >
foc_cfg closedloop 0
C0,rust-smo-pll,1/1,0,582/800/800,2000/5000/50,900
CL,7000/18000,1150,30/970,12750
CO,4000/240/15,40/600/1000
CG,524/0,650/650,250,10,20,5000/200,500,470/200,4000
CA,0/0
CI,0/0/0,12000,550,1000,5,1000,0
msh >
msh >
foc_cfg startup 582
C0,rust-smo-pll,1/1,0,582/800/800,2000/5000/50,900
CL,7000/18000,1150,30/970,12750
CO,4000/240/15,40/600/1000
CG,524/0,650/650,250,10,20,5000/200,500,470/200,4000
CA,0/0
CI,0/0/0,12000,550,1000,5,1000,0
msh >
msh >
foc_cfg align 2000
C0,rust-smo-pll,1/1,0,582/800/800,2000/5000/50,900
CL,7000/18000,1150,30/970,12750
CO,4000/240/15,40/600/1000
CG,524/0,650/650,250,10,20,5000/200,500,470/200,4000
CA,0/0
CI,0/0/0,12000,550,1000,5,1000,0
msh >
msh >
foc_cfg ramp 5000
C0,rust-smo-pll,1/1,0,582/800/800,2000/5000/50,900
CL,7000/18000,1150,30/970,12750
CO,4000/240/15,40/600/1000
CG,524/0,650/650,250,10,20,5000/200,500,470/200,4000
CA,0/0
CI,0/0/0,12000,550,1000,5,1000,0
msh >
msh >
foc_start 582
FSTART,armed,582,582,800,rust-smo-pll,1,1,0
msh >
msh >
ALV,0004735e,4444051,39144,0,12288
ALV,0004735e,4504090,99183,0,12288
foc_status
FSTAT,hold,rust-smo-pll,1,0,582,580
FSTAT,iref=0/800,i=3/793,v=-2870/4426
FOBS,-45/-546,-43,581/29,7f,3482,0/0,0
FOC f=0004735e s=120139 e=0 ISR=10128/12750 miss=0 pk=567(904mA)
FTIMING,2,120363,0,58694,10128,502,8893,733,0,0,519,8902,733,12750,0,0,0,291678,0,0,0
FOC st=0 rf=00000000 duty=500/500/500
FPROF,0,6,43116001,28041007,00,edf4f6ca,888e4e91
FADC,2077/2289/1474,1953/1934/1953,953,12288,2051
msh >
msh >
foc_stop
FSTOP
msh >
msh >foc_phase_capture start on
FPV armed,on,256,12000,off
msh >
msh >
foc_phase_capture status
FPV,complete,on,12000,256/256,256,21333
FPV_MODEL,source=st-ihm16m1-nominal,quality=nominal-not-calibrated,observer=disabled,vref_mv=3300,adc_max=4095,upper_ohm=10000,lower_ohm=2200,full_scale_mv=18300,uv_per_count=4469
msh >
msh >
foc_phase_capture dump
FPV_META,divider=on
FPV_MODEL,source=st-ihm16m1-nominal,quality=nominal-not-calibrated,observer=disabled,vref_mv=3300,adc_max=4095,upper_ohm=10000,lower_ohm=2200,full_scale_mv=18300,uv_per_count=4469
FPV_HEADER,sequence,phase_u_raw,phase_v_raw,phase_w_raw,current_u_raw,current_v_raw,bus_last_raw
FPV,0,770,0,149,1950,1931,953
FPV,1,770,0,48,1951,1931,953
FPV,2,766,0,0,1954,1934,953
FPV,3,759,0,0,1955,1932,953
FPV,4,756,0,0,1952,1932,953
FPV,5,753,0,0,1951,1931,953
FPV,6,750,0,0,1952,1932,953
FPV,7,758,0,0,1951,1932,953
FPV,8,777,0,0,1952,1933,953
FPV,9,788,0,0,1951,1931,953
FPV,10,804,0,0,1952,1931,953
FPV,11,815,82,0,1951,1931,953
FPV,12,827,145,0,1951,1932,953
FPV,13,843,190,0,1950,1931,953
FPV,14,855,227,0,1951,1931,953
FPV,15,865,262,0,1951,1933,953
FPV,16,879,295,0,1952,1932,953
FPV,17,889,323,0,1952,1932,953
FPV,18,902,356,0,1952,1931,953
FPV,19,913,382,0,1952,1932,953
FPV,20,923,413,0,1949,1933,953
FPV,21,932,439,0,1954,1933,953
FPV,22,944,465,0,1950,1931,953
FPV,23,950,495,0,1952,1931,953
FPV,24,959,520,0,1949,1932,953
FPV,25,970,550,0,1953,1932,953
FPV,26,974,574,0,1955,1932,953
FPV,27,981,601,0,1948,1932,953
FPV,28,982,623,0,1953,1932,953
FPV,29,987,646,0,1952,1931,953
FPV,30,983,664,0,1952,1933,953
FPV,31,985,686,0,1951,1931,953
FPV,32,982,702,0,1952,1931,953
FPV,33,975,715,0,1956,1932,953
FPV,34,971,731,0,1951,1933,953
FPV,35,967,744,0,1950,1931,953
FPV,36,958,757,0,1954,1933,953
FPV,37,949,768,0,1949,1931,953
FPV,38,942,782,0,1952,1933,953
FPV,39,931,793,0,1952,1932,953
FPV,40,918,806,0,1951,1932,953
FPV,41,901,818,0,1951,1932,953
FPV,42,887,825,0,1954,1932,953
FPV,43,874,834,0,1950,1931,953
FPV,44,856,843,0,1950,1931,953
FPV,45,836,851,0,1949,1931,953
FPV,46,818,858,0,1946,1931,953
FPV,47,795,862,0,1951,1932,953
FPV,48,775,864,0,1951,1931,953
FPV,49,755,867,0,1949,1932,953
FPV,50,735,870,0,1951,1933,953
FPV,51,715,875,0,1952,1933,953
FPV,52,690,874,0,1951,1932,953
FPV,53,673,876,0,1949,1933,953
FPV,54,650,879,0,1953,1933,953
FPV,55,624,878,0,1952,1931,953
FPV,56,607,878,0,1951,1931,953
FPV,57,586,878,0,1949,1932,953
FPV,58,564,878,0,1950,1932,953
FPV,59,543,872,0,1951,1933,953
FPV,60,520,867,0,1951,1932,953
FPV,61,499,861,0,1949,1933,953
FPV,62,475,853,0,1948,1930,953
FPV,63,455,846,0,1952,1931,953
FPV,64,433,837,0,1951,1932,953
FPV,65,408,830,0,1951,1931,953
FPV,66,384,818,0,1951,1932,953
FPV,67,359,807,0,1952,1932,953
FPV,68,330,795,0,1950,1932,953
FPV,69,301,784,0,1951,1931,953
FPV,70,270,772,0,1951,1933,953
FPV,71,237,759,0,1952,1932,953
FPV,72,200,746,0,1951,1932,953
FPV,73,158,730,0,1952,1932,953
FPV,74,98,716,0,1949,1932,953
FPV,75,0,697,0,1952,1932,953
FPV,76,0,681,0,1952,1932,953
FPV,77,0,661,0,1950,1931,953
FPV,78,0,648,0,1951,1932,953
FPV,79,0,652,0,1952,1933,953
FPV,80,0,659,0,1949,1933,953
FPV,81,0,666,0,1951,1931,953
FPV,82,0,672,89,1952,1932,953
FPV,83,0,675,125,1951,1932,953
FPV,84,0,679,173,1950,1932,953
FPV,85,0,683,245,1950,1932,953
FPV,86,0,683,267,1950,1933,953
FPV,87,0,685,276,1949,1933,953
FPV,88,0,686,304,1950,1931,953
FPV,89,0,684,366,1951,1932,953
FPV,90,0,683,392,1952,1932,953
FPV,91,0,679,378,1950,1931,953
FPV,92,0,679,410,1951,1932,953
FPV,93,0,674,470,1950,1933,953
FPV,94,0,672,496,1951,1932,953
FPV,95,0,665,487,1948,1931,953
FPV,96,0,658,512,1949,1932,953
FPV,97,0,654,534,1947,1931,953
FPV,98,0,642,585,1952,1933,953
FPV,99,0,640,577,1947,1932,953
FPV,100,0,628,627,1951,1932,953
FPV,101,0,620,617,1951,1933,953
FPV,102,0,609,668,1953,1933,953
FPV,103,0,596,651,1951,1932,953
FPV,104,0,587,670,1951,1931,953
FPV,105,0,573,684,1952,1933,953
FPV,106,0,559,698,1951,1933,953
FPV,107,0,548,749,1951,1933,953
FPV,108,0,533,759,1950,1931,953
FPV,109,0,519,768,1952,1933,953
FPV,110,0,509,784,1950,1932,953
FPV,111,0,495,794,1950,1932,953
FPV,112,0,484,770,1947,1933,953
FPV,113,0,472,807,1953,1933,953
FPV,114,0,457,817,1952,1933,953
FPV,115,0,447,797,1951,1932,953
FPV,116,0,432,834,1951,1933,953
FPV,117,0,418,808,1951,1933,953
FPV,118,0,402,846,1951,1932,953
FPV,119,0,388,820,1951,1934,953
FPV,120,0,371,854,1952,1933,953
FPV,121,0,351,827,1948,1931,953
FPV,122,0,328,858,1952,1932,953
FPV,123,0,307,829,1949,1932,953
FPV,124,0,281,855,1954,1932,953
FPV,125,0,256,838,1953,1933,953
FPV,126,0,223,818,1951,1930,953
FPV,127,0,190,856,1951,1932,953
FPV,128,0,146,813,1950,1931,953
FPV,129,0,83,820,1952,1934,953
FPV,130,0,0,844,1950,1932,953
FPV,131,0,0,837,1951,1932,953
FPV,132,0,0,812,1949,1932,953
FPV,133,0,0,800,1950,1932,953
FPV,134,0,0,834,1950,1932,953
FPV,135,0,0,814,1950,1932,953
FPV,136,0,0,824,1951,1931,953
FPV,137,0,0,845,1951,1932,953
FPV,138,37,0,859,1950,1931,953
FPV,139,120,0,909,1951,1930,953
FPV,140,166,0,906,1953,1931,953
FPV,141,201,0,897,1950,1931,953
FPV,142,231,0,900,1953,1931,953
FPV,143,256,0,914,1951,1933,953
FPV,144,278,0,954,1950,1932,953
FPV,145,299,0,952,1953,1931,953
FPV,146,319,0,955,1955,1932,953
FPV,147,342,0,927,1952,1930,953
FPV,148,360,0,933,1952,1932,953
FPV,149,375,0,966,1952,1931,953
FPV,150,395,0,962,1955,1931,953
FPV,151,417,0,935,1951,1932,953
FPV,152,434,0,966,1951,1932,953
FPV,153,451,0,958,1952,1931,953
FPV,154,469,0,957,1952,1931,953
FPV,155,486,0,950,1951,1932,953
FPV,156,503,0,944,1952,1931,953
FPV,157,517,0,932,1952,1931,953
FPV,158,533,0,926,1951,1931,953
FPV,159,549,0,913,1951,1931,953
FPV,160,562,0,904,1951,1932,953
FPV,161,576,0,890,1952,1933,953
FPV,162,588,0,879,1953,1933,953
FPV,163,600,0,832,1950,1931,953
FPV,164,612,0,820,1951,1931,953
FPV,165,626,0,808,1952,1932,953
FPV,166,633,0,801,1948,1931,953
FPV,167,643,0,794,1950,1932,953
FPV,168,652,0,807,1952,1932,953
FPV,169,666,0,759,1952,1932,953
FPV,170,672,0,747,1951,1930,953
FPV,171,682,0,736,1952,1932,953
FPV,172,685,0,756,1954,1932,953
FPV,173,693,0,743,1952,1933,953
FPV,174,701,0,733,1952,1931,953
FPV,175,705,0,715,1954,1932,953
FPV,176,710,0,705,1952,1932,953
FPV,177,717,0,691,1951,1931,953
FPV,178,721,0,670,1955,1932,953
FPV,179,726,0,655,1955,1934,953
FPV,180,730,0,611,1947,1931,953
FPV,181,732,0,593,1951,1931,953
FPV,182,734,0,581,1952,1932,953
FPV,183,732,0,588,1952,1932,953
FPV,184,734,0,566,1954,1932,953
FPV,185,735,0,514,1951,1931,953
FPV,186,733,0,493,1951,1932,953
FPV,187,727,0,491,1954,1933,953
FPV,188,720,0,487,1952,1932,953
FPV,189,711,0,453,1951,1931,953
FPV,190,702,0,427,1951,1932,953
FPV,191,697,0,365,1952,1932,953
FPV,192,686,0,337,1951,1931,953
FPV,193,674,0,315,1951,1934,953
FPV,194,664,0,281,1950,1930,953
FPV,195,648,0,280,1952,1932,953
FPV,196,636,0,246,1951,1932,953
FPV,197,624,0,165,1947,1932,953
FPV,198,609,0,140,1950,1933,953
FPV,199,594,0,46,1949,1931,953
FPV,200,576,0,0,1951,1932,953
FPV,201,562,0,0,1952,1933,953
FPV,202,549,0,0,1952,1931,953
FPV,203,546,0,0,1953,1932,953
FPV,204,560,0,0,1950,1931,953
FPV,205,570,0,0,1952,1932,953
FPV,206,587,58,0,1952,1932,953
FPV,207,601,143,0,1952,1931,953
FPV,208,613,194,0,1948,1932,953
FPV,209,627,237,0,1952,1931,953
FPV,210,638,273,0,1954,1933,953
FPV,211,650,307,0,1954,1932,953
FPV,212,661,337,0,1945,1931,953
FPV,213,669,367,0,1952,1932,953
FPV,214,680,395,0,1949,1930,953
FPV,215,688,422,0,1952,1932,953
FPV,216,693,447,0,1948,1931,953
FPV,217,697,472,0,1951,1932,953
FPV,218,703,497,0,1952,1931,953
FPV,219,705,520,0,1950,1933,953
FPV,220,704,539,0,1950,1931,953
FPV,221,703,560,0,1951,1933,953
FPV,222,703,577,0,1952,1932,953
FPV,223,697,597,0,1951,1933,953
FPV,224,698,613,0,1951,1932,953
FPV,225,694,629,0,1951,1932,953
FPV,226,690,644,0,1953,1933,953
FPV,227,689,663,0,1950,1932,953
FPV,228,683,677,0,1952,1932,953
FPV,229,679,691,0,1949,1932,953
FPV,230,675,705,0,1950,1930,953
FPV,231,667,719,0,1951,1933,953
FPV,232,660,732,0,1951,1931,953
FPV,233,655,742,0,1950,1931,953
FPV,234,647,755,0,1948,1932,953
FPV,235,639,768,0,1948,1932,953
FPV,236,630,781,0,1951,1933,953
FPV,237,622,791,0,1952,1931,953
FPV,238,614,802,0,1949,1932,953
FPV,239,603,812,0,1947,1931,953
FPV,240,589,821,0,1950,1932,953
FPV,241,576,830,0,1951,1932,953
FPV,242,564,840,0,1952,1932,953
FPV,243,551,848,0,1951,1932,953
FPV,244,538,858,0,1951,1932,953
FPV,245,523,863,0,1951,1931,953
FPV,246,509,871,0,1954,1932,953
FPV,247,497,881,0,1950,1932,953
FPV,248,482,889,0,1952,1933,953
FPV,249,461,891,0,1952,1931,953
FPV,250,446,898,0,1950,1933,953
FPV,251,430,904,0,1951,1931,953
FPV,252,407,908,0,1952,1932,953
FPV,253,393,909,0,1951,1932,953
FPV,254,372,912,0,1951,1931,953
FPV,255,352,911,0,1949,1931,953
msh >
msh >
ALV,0004231f,4564128,123263,0,12288
foc_status
FSTAT,hold,rust-smo-pll,1,0,582,588
FSTAT,iref=0/800,i=-7/794,v=-2938/4735
FOBS,-651/213,182,582/27,7f,3742,0/0,0
FOC f=0004231f s=123263 e=0 ISR=10128/12750 miss=0 pk=567(904mA)
FTIMING,2,123263,0,58694,10128,502,8893,733,0,0,519,8902,733,12750,0,0,0,271135,0,0,0
FOC st=0 rf=00000000 duty=500/500/500
FPROF,0,6,43116001,28041007,00,edf4f6ca,888e4e91
FADC,1951/1933/1956,1953/1934/1953,954,12301,2052
msh >
msh >
foc_phase_capture stop
FPV stopped.
msh >
msh >
foc_stop
FSTOP
msh >
msh >
foc_cfg closedloop 0
C0,rust-smo-pll,1/1,0,582/800/800,2000/5000/50,900
CL,7000/18000,1150,30/970,12750
CO,4000/240/15,40/600/1000
CG,524/0,650/650,250,10,20,5000/200,500,470/200,4000
CA,0/0
CI,0/0/0,12000,550,1000,5,1000,0
msh >
msh >
foc_cfg startup 582
C0,rust-smo-pll,1/1,0,582/800/800,2000/5000/50,900
CL,7000/18000,1150,30/970,12750
CO,4000/240/15,40/600/1000
CG,524/0,650/650,250,10,20,5000/200,500,470/200,4000
CA,0/0
CI,0/0/0,12000,550,1000,5,1000,0
msh >
msh >
foc_cfg align 2000
C0,rust-smo-pll,1/1,0,582/800/800,2000/5000/50,900
CL,7000/18000,1150,30/970,12750
CO,4000/240/15,40/600/1000
CG,524/0,650/650,250,10,20,5000/200,500,470/200,4000
CA,0/0
CI,0/0/0,12000,550,1000,5,1000,0
msh >
msh >
foc_cfg ramp 5000
C0,rust-smo-pll,1/1,0,582/800/800,2000/5000/50,900
CL,7000/18000,1150,30/970,12750
CO,4000/240/15,40/600/1000
CG,524/0,650/650,250,10,20,5000/200,500,470/200,4000
CA,0/0
CI,0/0/0,12000,550,1000,5,1000,0
msh >
msh >
