foc_stop
FSTOP
msh >
msh >
foc_phase_capture stop
FPV stopped.
msh >
msh >
foc_cfg show
C0,rust-smo-pll,1/1,0,582/800/800,2000/5000/50,900
CL,7000/18000,1150,30/970,12750
CO,4000/240/15,40/600/1000
CG,524/0,650/650,250,10,20,5000/200,500,470/200,4000
CA,0/0
CI,0/0/0,12000,550,1000,5,1000,0
msh >
msh >
foc_cfg closedloop 0
C0,rust-smo-pll,1/1,0,582/800/800,2000/5000/50,900
CL,7000/18000,1150,30/970,12750
CO,4000/240/15,40/600/1000
CG,524/0,650/650,250,10,20,5000/200,500,470/200,4000
CA,0/0
CI,0/0/0,12000,550,1000,5,1000,0
msh >
msh >
foc_cfg startup 582
C0,rust-smo-pll,1/1,0,582/800/800,2000/5000/50,900
CL,7000/18000,1150,30/970,12750
CO,4000/240/15,40/600/1000
CG,524/0,650/650,250,10,20,5000/200,500,470/200,4000
CA,0/0
CI,0/0/0,12000,550,1000,5,1000,0
msh >
msh >
foc_cfg align 2000
C0,rust-smo-pll,1/1,0,582/800/800,2000/5000/50,900
CL,7000/18000,1150,30/970,12750
CO,4000/240/15,40/600/1000
CG,524/0,650/650,250,10,20,5000/200,500,470/200,4000
CA,0/0
CI,0/0/0,12000,550,1000,5,1000,0
msh >
msh >
foc_cfg ramp 5000
C0,rust-smo-pll,1/1,0,582/800/800,2000/5000/50,900
CL,7000/18000,1150,30/970,12750
CO,4000/240/15,40/600/1000
CG,524/0,650/650,250,10,20,5000/200,500,470/200,4000
CA,0/0
CI,0/0/0,12000,550,1000,5,1000,0
msh >
msh >
foc_start 582
FSTART,armed,582,582,800,rust-smo-pll,1,1,0
msh >
msh >
ALV,0004735e,361435,24296,0,12262
ALV,0004735e,421474,84335,0,12262
foc_status
FSTAT,hold,rust-smo-pll,1,0,582,586
FSTAT,iref=0/800,i=-6/796,v=-3093/4696
FOBS,-37/-656,151,582/24,7f,3485,0/0,0
FOC f=0004735e s=120134 e=0 ISR=10124/12750 miss=0 pk=559(892mA)
FTIMING,2,120358,0,84338,10124,519,8872,733,0,0,519,8902,733,12750,0,0,0,291678,0,0,0
FOC st=0 rf=00000000 duty=500/500/500
FPROF,0,6,43116001,28041007,00,edf4f6ca,888e4e91
FADC,2154/2228/1457,1952/1934/1953,951,12262,2050
msh >
msh >
foc_stop
FSTOP
msh >
msh >foc_phase_capture start on
FPV armed,on,256,12000,off
msh >
msh >
foc_phase_capture status
FPV,complete,on,12000,256/256,256,21333
FPV_MODEL,source=st-ihm16m1-nominal,quality=nominal-not-calibrated,observer=disabled,vref_mv=3300,adc_max=4095,upper_ohm=10000,lower_ohm=2200,full_scale_mv=18300,uv_per_count=4469
msh >
msh >
foc_phase_capture dump
FPV_META,divider=on
FPV_MODEL,source=st-ihm16m1-nominal,quality=nominal-not-calibrated,observer=disabled,vref_mv=3300,adc_max=4095,upper_ohm=10000,lower_ohm=2200,full_scale_mv=18300,uv_per_count=4469
FPV_HEADER,sequence,phase_u_raw,phase_v_raw,phase_w_raw,current_u_raw,current_v_raw,bus_last_raw
FPV,0,999,0,562,1946,1931,951
FPV,1,1007,0,576,1952,1932,951
FPV,2,1020,0,556,1953,1931,951
FPV,3,1028,0,537,1952,1931,951
FPV,4,1037,0,517,1952,1931,951
FPV,5,1042,0,456,1951,1931,951
FPV,6,1046,0,468,1950,1933,951
FPV,7,1046,0,448,1954,1933,951
FPV,8,1043,0,430,1951,1932,951
FPV,9,1044,0,389,1952,1931,951
FPV,10,1040,0,346,1950,1932,951
FPV,11,1035,0,324,1952,1933,951
FPV,12,1024,0,293,1951,1931,951
FPV,13,1016,0,302,1954,1932,951
FPV,14,1006,0,278,1951,1931,951
FPV,15,996,0,214,1952,1932,951
FPV,16,986,0,174,1951,1932,951
FPV,17,968,0,121,1951,1931,951
FPV,18,956,0,85,1951,1931,951
FPV,19,939,0,0,1954,1933,951
FPV,20,923,0,0,1952,1933,951
FPV,21,900,0,0,1951,1933,951
FPV,22,882,0,0,1951,1932,951
FPV,23,887,0,0,1953,1932,951
FPV,24,892,0,0,1950,1931,951
FPV,25,897,0,0,1952,1932,951
FPV,26,901,65,0,1951,1931,951
FPV,27,905,139,0,1951,1932,951
FPV,28,909,183,0,1951,1932,951
FPV,29,913,220,0,1950,1933,951
FPV,30,915,253,0,1949,1933,951
FPV,31,916,283,0,1954,1934,951
FPV,32,915,308,0,1951,1932,951
FPV,33,913,334,0,1948,1931,951
FPV,34,912,359,0,1953,1932,951
FPV,35,911,382,0,1951,1931,951
FPV,36,907,402,0,1951,1932,951
FPV,37,898,420,0,1953,1932,951
FPV,38,891,440,0,1951,1931,951
FPV,39,883,459,0,1951,1932,951
FPV,40,878,477,0,1952,1932,951
FPV,41,869,491,0,1952,1931,951
FPV,42,856,507,0,1952,1932,951
FPV,43,847,523,0,1952,1932,951
FPV,44,834,539,0,1952,1931,951
FPV,45,823,555,0,1952,1932,951
FPV,46,813,571,0,1949,1931,951
FPV,47,800,584,0,1951,1932,951
FPV,48,782,599,0,1949,1931,951
FPV,49,767,613,0,1950,1933,951
FPV,50,752,628,0,1950,1931,951
FPV,51,737,641,0,1954,1933,951
FPV,52,719,652,0,1952,1933,951
FPV,53,699,662,0,1953,1933,951
FPV,54,678,669,0,1951,1932,951
FPV,55,659,678,0,1952,1932,951
FPV,56,630,687,0,1951,1930,951
FPV,57,611,695,0,1953,1931,951
FPV,58,587,700,0,1950,1932,951
FPV,59,563,706,0,1951,1932,951
FPV,60,533,711,0,1951,1932,951
FPV,61,504,715,0,1952,1932,951
FPV,62,480,717,0,1951,1932,951
FPV,63,448,716,0,1951,1932,951
FPV,64,414,719,0,1952,1933,951
FPV,65,382,715,0,1955,1932,951
FPV,66,346,711,0,1952,1933,951
FPV,67,312,709,0,1956,1931,951
FPV,68,275,708,0,1951,1931,951
FPV,69,238,705,0,1953,1932,951
FPV,70,195,701,0,1951,1932,951
FPV,71,141,692,0,1953,1933,951
FPV,72,33,688,0,1951,1932,951
FPV,73,0,678,0,1952,1933,951
FPV,74,0,671,0,1951,1933,951
FPV,75,0,667,0,1952,1933,951
FPV,76,0,683,0,1950,1933,951
FPV,77,0,704,0,1951,1932,951
FPV,78,0,725,39,1950,1932,951
FPV,79,0,744,152,1951,1932,951
FPV,80,0,762,174,1952,1933,951
FPV,81,0,775,250,1952,1933,951
FPV,82,0,792,288,1951,1931,951
FPV,83,0,803,280,1948,1932,951
FPV,84,0,817,313,1953,1933,951
FPV,85,0,830,342,1952,1933,951
FPV,86,0,841,371,1951,1933,951
FPV,87,0,852,430,1954,1934,951
FPV,88,0,862,459,1951,1933,951
FPV,89,0,871,481,1952,1933,951
FPV,90,0,878,506,1951,1932,951
FPV,91,0,885,527,1951,1933,951
FPV,92,0,890,550,1954,1933,951
FPV,93,0,894,572,1951,1932,951
FPV,94,0,895,593,1951,1933,951
FPV,95,0,896,613,1951,1932,951
FPV,96,0,897,637,1952,1932,951
FPV,97,0,896,657,1951,1933,951
FPV,98,0,895,647,1954,1932,951
FPV,99,0,893,686,1953,1933,951
FPV,100,0,891,689,1951,1933,951
FPV,101,0,886,708,1951,1933,951
FPV,102,0,881,725,1952,1933,951
FPV,103,0,874,747,1952,1933,951
FPV,104,0,869,798,1951,1934,951
FPV,105,0,863,823,1951,1933,951
FPV,106,0,856,835,1954,1934,951
FPV,107,0,848,835,1949,1931,951
FPV,108,0,836,847,1952,1933,951
FPV,109,0,827,867,1952,1934,951
FPV,110,0,816,921,1951,1933,951
FPV,111,0,805,938,1951,1933,951
FPV,112,0,794,920,1953,1933,951
FPV,113,0,782,962,1951,1933,951
FPV,114,0,771,977,1951,1933,951
FPV,115,0,757,984,1951,1933,951
FPV,116,0,745,995,1954,1933,951
FPV,117,0,732,1001,1951,1934,951
FPV,118,0,716,969,1950,1933,951
FPV,119,0,701,971,1951,1934,951
FPV,120,0,684,970,1950,1932,951
FPV,121,0,666,1008,1952,1933,951
FPV,122,0,648,981,1953,1934,951
FPV,123,0,628,979,1953,1933,951
FPV,124,0,606,972,1951,1933,951
FPV,125,0,580,965,1952,1932,951
FPV,126,0,555,994,1952,1934,951
FPV,127,0,529,988,1951,1932,951
FPV,128,0,503,983,1951,1933,951
FPV,129,0,475,970,1949,1933,951
FPV,130,0,448,963,1951,1932,951
FPV,131,0,420,954,1950,1933,951
FPV,132,0,391,939,1951,1932,951
FPV,133,0,364,923,1953,1932,951
FPV,134,0,335,911,1952,1934,951
FPV,135,0,305,897,1953,1932,951
FPV,136,0,277,895,1952,1933,951
FPV,137,0,246,848,1949,1932,951
FPV,138,0,214,829,1952,1933,951
FPV,139,0,178,818,1951,1933,951
FPV,140,0,134,842,1951,1933,951
FPV,141,0,69,830,1954,1934,951
FPV,142,0,0,820,1952,1933,951
FPV,143,0,0,805,1952,1932,951
FPV,144,0,0,788,1953,1932,951
FPV,145,0,0,739,1952,1932,951
FPV,146,0,0,725,1952,1933,951
FPV,147,0,0,727,1950,1932,951
FPV,148,0,0,735,1949,1932,951
FPV,149,0,0,768,1951,1931,951
FPV,150,0,0,759,1950,1932,951
FPV,151,70,0,738,1953,1932,951
FPV,152,139,0,746,1952,1931,951
FPV,153,178,0,780,1952,1932,951
FPV,154,213,0,781,1952,1933,951
FPV,155,243,0,778,1952,1932,951
FPV,156,272,0,774,1956,1932,951
FPV,157,301,0,737,1952,1933,951
FPV,158,323,0,744,1951,1934,951
FPV,159,346,0,756,1953,1931,951
FPV,160,368,0,750,1951,1932,951
FPV,161,389,0,738,1953,1932,951
FPV,162,408,0,709,1949,1930,951
FPV,163,430,0,682,1952,1933,951
FPV,164,452,0,672,1950,1932,951
FPV,165,467,0,697,1951,1932,951
FPV,166,482,0,681,1950,1932,951
FPV,167,501,0,623,1950,1931,951
FPV,168,520,0,613,1951,1932,951
FPV,169,534,0,629,1952,1931,951
FPV,170,551,0,612,1952,1932,951
FPV,171,572,0,556,1953,1932,951
FPV,172,588,0,544,1949,1932,951
FPV,173,602,0,558,1952,1932,951
FPV,174,619,0,534,1951,1931,951
FPV,175,636,0,479,1951,1932,951
FPV,176,655,0,464,1952,1933,951
FPV,177,668,0,484,1950,1932,951
FPV,178,684,0,458,1951,1933,951
FPV,179,701,0,404,1952,1931,951
FPV,180,714,0,390,1949,1931,951
FPV,181,723,0,400,1952,1932,951
FPV,182,737,0,347,1952,1932,951
FPV,183,745,0,364,1953,1932,951
FPV,184,750,0,338,1951,1932,951
FPV,185,759,0,279,1952,1933,951
FPV,186,762,0,258,1950,1932,951
FPV,187,760,0,262,1951,1932,951
FPV,188,761,0,228,1953,1932,951
FPV,189,761,0,162,1951,1932,951
FPV,190,758,0,114,1952,1931,951
FPV,191,755,0,52,1951,1933,951
FPV,192,749,0,0,1951,1933,951
FPV,193,746,0,0,1951,1931,951
FPV,194,736,0,0,1951,1931,951
FPV,195,733,0,0,1953,1932,951
FPV,196,730,0,0,1951,1931,951
FPV,197,735,0,0,1948,1930,951
FPV,198,751,0,0,1952,1932,951
FPV,199,763,0,0,1948,1931,951
FPV,200,780,0,0,1951,1932,951
FPV,201,791,30,0,1951,1932,951
FPV,202,803,112,0,1954,1934,951
FPV,203,818,164,0,1952,1932,951
FPV,204,828,203,0,1952,1932,951
FPV,205,837,236,0,1952,1933,951
FPV,206,852,268,0,1951,1932,951
FPV,207,862,300,0,1953,1932,951
FPV,208,871,327,0,1952,1932,951
FPV,209,883,355,0,1952,1932,951
FPV,210,891,384,0,1950,1932,951
FPV,211,906,410,0,1952,1931,951
FPV,212,909,437,0,1951,1932,951
FPV,213,921,461,0,1948,1932,951
FPV,214,932,489,0,1951,1932,951
FPV,215,938,515,0,1951,1931,951
FPV,216,945,538,0,1952,1932,951
FPV,217,952,564,0,1952,1934,951
FPV,218,955,587,0,1952,1931,951
FPV,219,962,610,0,1951,1933,951
FPV,220,963,630,0,1952,1932,951
FPV,221,962,651,0,1951,1932,951
FPV,222,960,668,0,1952,1933,951
FPV,223,955,682,0,1952,1931,951
FPV,224,951,697,0,1949,1932,951
FPV,225,949,712,0,1954,1932,951
FPV,226,943,725,0,1953,1931,951
FPV,227,934,734,0,1951,1932,951
FPV,228,925,747,0,1952,1932,951
FPV,229,916,758,0,1951,1932,951
FPV,230,906,771,0,1950,1932,951
FPV,231,897,783,0,1952,1931,951
FPV,232,887,791,0,1951,1932,951
FPV,233,869,801,0,1949,1933,951
FPV,234,853,812,0,1952,1933,951
FPV,235,837,819,0,1951,1931,951
FPV,236,824,825,0,1952,1934,951
FPV,237,803,831,0,1950,1931,951
FPV,238,784,837,0,1951,1931,951
FPV,239,764,841,0,1951,1933,951
FPV,240,750,845,0,1952,1931,951
FPV,241,726,847,0,1951,1931,951
FPV,242,709,850,0,1949,1933,951
FPV,243,689,850,0,1951,1932,951
FPV,244,665,853,0,1952,1932,951
FPV,245,649,856,0,1951,1933,951
FPV,246,624,855,0,1952,1932,951
FPV,247,607,857,0,1955,1933,951
FPV,248,588,854,0,1952,1933,951
FPV,249,564,853,0,1951,1932,951
FPV,250,550,851,0,1950,1932,951
FPV,251,525,847,0,1951,1932,951
FPV,252,508,844,0,1952,1932,951
FPV,253,485,840,0,1954,1931,951
FPV,254,462,831,0,1951,1932,951
FPV,255,444,826,0,1950,1932,951
msh >
msh >
ALV,0004231f,481513,123251,0,12262
foc_status
FSTAT,hold,rust-smo-pll,1,0,582,583
FSTAT,iref=0/800,i=-14/793,v=-2602/4891
FOBS,-506/584,52,582/24,7f,3744,0/0,0
FOC f=0004231f s=123251 e=0 ISR=10124/12750 miss=0 pk=559(892mA)
FTIMING,2,123251,0,84338,10124,519,8872,733,0,0,519,8902,733,12750,0,0,0,271135,0,0,0
FOC st=0 rf=00000000 duty=500/500/500
FPROF,0,6,43116001,28041007,00,edf4f6ca,888e4e91
FADC,1951/1933/1955,1952/1934/1953,954,12301,2055
msh >
msh >
foc_phase_capture stop
FPV stopped.
msh >
msh >
foc_stop
FSTOP
msh >
msh >
foc_cfg closedloop 0
C0,rust-smo-pll,1/1,0,582/800/800,2000/5000/50,900
CL,7000/18000,1150,30/970,12750
CO,4000/240/15,40/600/1000
CG,524/0,650/650,250,10,20,5000/200,500,470/200,4000
CA,0/0
CI,0/0/0,12000,550,1000,5,1000,0
msh >
msh >
foc_cfg startup 582
C0,rust-smo-pll,1/1,0,582/800/800,2000/5000/50,900
CL,7000/18000,1150,30/970,12750
CO,4000/240/15,40/600/1000
CG,524/0,650/650,250,10,20,5000/200,500,470/200,4000
CA,0/0
CI,0/0/0,12000,550,1000,5,1000,0
msh >
msh >
foc_cfg align 2000
C0,rust-smo-pll,1/1,0,582/800/800,2000/5000/50,900
CL,7000/18000,1150,30/970,12750
CO,4000/240/15,40/600/1000
CG,524/0,650/650,250,10,20,5000/200,500,470/200,4000
CA,0/0
CI,0/0/0,12000,550,1000,5,1000,0
msh >
msh >
foc_cfg ramp 5000
C0,rust-smo-pll,1/1,0,582/800/800,2000/5000/50,900
CL,7000/18000,1150,30/970,12750
CO,4000/240/15,40/600/1000
CG,524/0,650/650,250,10,20,5000/200,500,470/200,4000
CA,0/0
CI,0/0/0,12000,550,1000,5,1000,0
msh >
msh >
