foc_stop
FSTOP
msh >
msh >
foc_phase_capture stop
FPV stopped.
msh >
msh >
foc_cfg show
C0,rust-smo-pll,1/1,0,582/800/800,2000/5000/50,900
CL,7000/18000,1150,30/970,12750
CO,4000/240/15,40/600/1000
CG,524/0,650/650,250,10,20,5000/200,500,470/200,4000
CA,0/0
CI,0/0/0,12000,550,1000,5,1000,0
msh >
msh >
foc_cfg closedloop 0
C0,rust-smo-pll,1/1,0,582/800/800,2000/5000/50,900
CL,7000/18000,1150,30/970,12750
CO,4000/240/15,40/600/1000
CG,524/0,650/650,250,10,20,5000/200,500,470/200,4000
CA,0/0
CI,0/0/0,12000,550,1000,5,1000,0
msh >
msh >
foc_cfg startup 1000
C0,rust-smo-pll,1/1,0,1000/800/800,2000/5000/50,900
CL,7000/18000,1150,30/970,12750
CO,4000/240/15,40/600/1000
CG,524/0,650/650,250,10,20,5000/200,500,470/200,4000
CA,0/0
CI,0/0/0,12000,550,1000,5,1000,0
msh >
msh >
foc_cfg align 2000
C0,rust-smo-pll,1/1,0,1000/800/800,2000/5000/50,900
CL,7000/18000,1150,30/970,12750
CO,4000/240/15,40/600/1000
CG,524/0,650/650,250,10,20,5000/200,500,470/200,4000
CA,0/0
CI,0/0/0,12000,550,1000,5,1000,0
msh >
msh >
foc_cfg ramp 5000
C0,rust-smo-pll,1/1,0,1000/800/800,2000/5000/50,900
CL,7000/18000,1150,30/970,12750
CO,4000/240/15,40/600/1000
CG,524/0,650/650,250,10,20,5000/200,500,470/200,4000
CA,0/0
CI,0/0/0,12000,550,1000,5,1000,0
msh >
msh >
foc_start 1000
FSTART,armed,1000,1000,800,rust-smo-pll,1,1,0
msh >
msh >
ALV,0004735e,2883041,24557,0,12301
ALV,0004735e,2943080,84596,0,12301
foc_status
FSTAT,hold,rust-smo-pll,0,0,1000,1000
FSTAT,iref=0/800,i=-3/799,v=-1293/4638
FOBS,-21/76,646,0/0,00,0,0/0,0
FOC f=0004735e s=120215 e=0 ISR=10437/12750 miss=0 pk=614(979mA)
FTIMING,2,120433,0,95924,10437,486,9218,733,0,0,519,9218,733,12750,0,0,0,291678,0,0,0
FOC st=0 rf=00000000 duty=500/500/500
FPROF,0,6,43116001,28041007,00,edf4f6ca,888e4e91
FADC,2344/1467/2029,1953/1934/1953,954,12301,2054
msh >
msh >
foc_stop
FSTOP
msh >
msh >foc_phase_capture start on
FPV armed,on,256,12000,off
msh >
msh >
foc_phase_capture status
FPV,complete,on,12000,256/256,256,21333
FPV_MODEL,source=st-ihm16m1-nominal,quality=nominal-not-calibrated,observer=disabled,vref_mv=3300,adc_max=4095,upper_ohm=10000,lower_ohm=2200,full_scale_mv=18300,uv_per_count=4469
msh >
msh >
foc_phase_capture dump
FPV_META,divider=on
FPV_MODEL,source=st-ihm16m1-nominal,quality=nominal-not-calibrated,observer=disabled,vref_mv=3300,adc_max=4095,upper_ohm=10000,lower_ohm=2200,full_scale_mv=18300,uv_per_count=4469
FPV_HEADER,sequence,phase_u_raw,phase_v_raw,phase_w_raw,current_u_raw,current_v_raw,bus_last_raw
FPV,0,89,0,170,1951,1933,954
FPV,1,83,0,202,1952,1932,954
FPV,2,72,0,201,1951,1933,954
FPV,3,79,0,161,1951,1933,954
FPV,4,75,0,162,1948,1933,954
FPV,5,55,0,157,1952,1933,954
FPV,6,58,0,154,1950,1932,954
FPV,7,49,0,154,1949,1934,954
FPV,8,55,0,185,1952,1932,954
FPV,9,52,0,186,1951,1932,954
FPV,10,52,0,187,1952,1933,954
FPV,11,51,0,189,1950,1931,954
FPV,12,55,0,155,1952,1933,954
FPV,13,58,0,152,1951,1933,954
FPV,14,51,0,192,1951,1932,954
FPV,15,62,0,157,1951,1932,954
FPV,16,59,0,154,1951,1932,954
FPV,17,60,0,153,1952,1933,954
FPV,18,69,0,157,1950,1933,954
FPV,19,66,0,160,1949,1932,954
FPV,20,70,0,160,1953,1935,954
FPV,21,69,0,193,1951,1932,954
FPV,22,83,0,160,1952,1934,954
FPV,23,68,0,154,1952,1932,954
FPV,24,72,0,186,1952,1933,954
FPV,25,73,0,155,1952,1932,954
FPV,26,74,0,184,1951,1931,954
FPV,27,74,0,185,1952,1932,954
FPV,28,80,0,157,1952,1933,954
FPV,29,84,0,151,1952,1934,954
FPV,30,86,0,151,1953,1933,954
FPV,31,87,2,156,1953,1933,954
FPV,32,92,9,166,1954,1934,954
FPV,33,91,14,192,1950,1933,954
FPV,34,96,17,193,1952,1933,954
FPV,35,93,17,181,1955,1933,954
FPV,36,97,25,157,1951,1932,954
FPV,37,97,26,185,1953,1933,954
FPV,38,98,32,191,1950,1932,954
FPV,39,100,34,164,1949,1931,954
FPV,40,101,38,185,1956,1933,954
FPV,41,101,40,187,1952,1931,954
FPV,42,106,49,190,1952,1932,954
FPV,43,110,48,151,1953,1933,954
FPV,44,109,51,151,1953,1932,954
FPV,45,113,59,156,1950,1932,954
FPV,46,113,60,156,1949,1933,954
FPV,47,113,61,166,1953,1933,954
FPV,48,115,65,189,1952,1933,954
FPV,49,113,64,181,1952,1933,954
FPV,50,118,69,145,1950,1932,954
FPV,51,117,72,152,1952,1933,954
FPV,52,122,78,187,1952,1933,954
FPV,53,119,74,180,1950,1932,954
FPV,54,119,76,177,1954,1932,954
FPV,55,126,82,149,1951,1932,954
FPV,56,125,85,150,1951,1933,954
FPV,57,123,84,179,1950,1932,954
FPV,58,122,85,177,1953,1932,954
FPV,59,128,91,145,1952,1932,954
FPV,60,128,93,168,1952,1932,954
FPV,61,126,94,180,1950,1932,954
FPV,62,128,96,179,1953,1932,954
FPV,63,128,95,150,1949,1931,954
FPV,64,134,98,138,1952,1932,954
FPV,65,132,100,144,1952,1934,954
FPV,66,130,101,171,1953,1932,954
FPV,67,136,103,135,1953,1935,954
FPV,68,134,104,135,1952,1933,954
FPV,69,136,107,160,1953,1932,954
FPV,70,133,108,171,1950,1932,954
FPV,71,136,108,165,1951,1933,954
FPV,72,136,110,166,1951,1933,954
FPV,73,136,109,132,1950,1933,954
FPV,74,139,112,128,1952,1933,954
FPV,75,140,113,131,1951,1932,954
FPV,76,141,115,132,1954,1932,954
FPV,77,141,117,166,1952,1933,954
FPV,78,138,116,161,1951,1933,954
FPV,79,140,118,156,1954,1933,954
FPV,80,141,117,154,1952,1932,954
FPV,81,141,117,120,1949,1935,954
FPV,82,142,120,117,1951,1932,954
FPV,83,145,120,122,1951,1932,954
FPV,84,144,124,124,1950,1933,954
FPV,85,143,123,151,1952,1932,954
FPV,86,147,123,114,1953,1933,954
FPV,87,148,127,118,1950,1932,954
FPV,88,149,125,109,1952,1934,954
FPV,89,146,125,145,1952,1933,954
FPV,90,149,127,112,1952,1934,954
FPV,91,146,127,118,1948,1931,954
FPV,92,149,130,146,1952,1933,954
FPV,93,147,130,140,1953,1933,954
FPV,94,147,130,141,1952,1932,954
FPV,95,148,131,138,1952,1932,954
FPV,96,151,132,129,1954,1932,954
FPV,97,148,133,136,1951,1933,954
FPV,98,149,132,134,1951,1933,954
FPV,99,152,135,136,1951,1933,954
FPV,100,153,134,96,1951,1932,954
FPV,101,151,133,93,1950,1933,954
FPV,102,151,135,125,1952,1934,954
FPV,103,150,136,126,1952,1932,954
FPV,104,155,138,92,1951,1934,954
FPV,105,155,136,85,1952,1933,954
FPV,106,152,139,120,1952,1933,954
FPV,107,155,139,121,1954,1933,954
FPV,108,157,138,81,1952,1933,954
FPV,109,153,138,113,1956,1933,954
FPV,110,157,142,83,1949,1932,954
FPV,111,159,140,77,1953,1933,954
FPV,112,154,142,111,1952,1933,954
FPV,113,157,142,77,1950,1930,954
FPV,114,157,141,68,1952,1933,954
FPV,115,155,142,102,1954,1934,954
FPV,116,156,141,100,1952,1933,954
FPV,117,155,143,95,1951,1931,954
FPV,118,156,143,94,1954,1933,954
FPV,119,156,145,57,1951,1933,954
FPV,120,156,145,73,1950,1932,954
FPV,121,159,146,59,1952,1933,954
FPV,122,158,146,55,1951,1932,954
FPV,123,159,147,53,1951,1932,954
FPV,124,164,153,62,1951,1933,954
FPV,125,165,154,59,1951,1932,954
FPV,126,166,157,62,1950,1932,954
FPV,127,164,155,91,1951,1933,954
FPV,128,167,159,58,1951,1932,954
FPV,129,163,156,86,1951,1933,954
FPV,130,163,158,83,1951,1932,954
FPV,131,165,157,80,1951,1933,954
FPV,132,163,155,60,1953,1932,954
FPV,133,165,158,65,1953,1934,954
FPV,134,166,157,33,1952,1933,954
FPV,135,160,154,61,1951,1931,954
FPV,136,160,158,67,1952,1933,954
FPV,137,162,157,62,1953,1933,954
FPV,138,163,157,22,1952,1933,954
FPV,139,163,156,20,1951,1932,954
FPV,140,161,158,51,1949,1933,954
FPV,141,160,157,45,1951,1934,954
FPV,142,157,160,48,1953,1933,954
FPV,143,160,160,48,1952,1933,954
FPV,144,165,165,42,1954,1933,954
FPV,145,164,164,50,1953,1933,954
FPV,146,165,165,13,1952,1934,954
FPV,147,165,163,4,1951,1932,954
FPV,148,162,166,40,1951,1933,954
FPV,149,165,165,3,1952,1933,954
FPV,150,159,160,23,1952,1933,954
FPV,151,161,164,17,1954,1934,954
FPV,152,158,162,14,1950,1933,954
FPV,153,155,162,15,1949,1931,954
FPV,154,157,161,0,1950,1934,954
FPV,155,158,162,0,1953,1932,954
FPV,156,154,163,4,1951,1933,954
FPV,157,158,165,0,1952,1933,954
FPV,158,154,162,0,1952,1932,954
FPV,159,157,163,0,1950,1933,954
FPV,160,154,164,0,1952,1932,954
FPV,161,155,163,0,1951,1932,954
FPV,162,152,165,0,1951,1933,954
FPV,163,153,163,0,1951,1933,954
FPV,164,149,165,0,1951,1932,954
FPV,165,151,164,0,1951,1933,954
FPV,166,153,163,0,1951,1934,954
FPV,167,148,166,0,1951,1933,954
FPV,168,154,165,0,1951,1933,954
FPV,169,148,166,0,1953,1933,954
FPV,170,149,167,0,1951,1932,954
FPV,171,145,165,0,1950,1933,954
FPV,172,149,168,0,1949,1933,954
FPV,173,148,168,0,1950,1933,954
FPV,174,145,167,0,1953,1933,954
FPV,175,145,167,0,1952,1933,954
FPV,176,141,164,0,1956,1933,954
FPV,177,144,167,0,1952,1933,954
FPV,178,144,166,0,1950,1932,954
FPV,179,139,168,0,1952,1932,954
FPV,180,141,167,0,1950,1933,954
FPV,181,142,168,0,1951,1933,954
FPV,182,140,170,0,1947,1933,954
FPV,183,142,170,0,1951,1933,954
FPV,184,136,168,0,1953,1934,954
FPV,185,134,166,0,1952,1933,954
FPV,186,136,172,0,1951,1933,954
FPV,187,131,170,0,1951,1932,954
FPV,188,136,170,0,1952,1933,954
FPV,189,132,171,0,1954,1933,954
FPV,190,134,173,0,1951,1931,954
FPV,191,130,170,0,1953,1933,954
FPV,192,129,173,0,1953,1932,954
FPV,193,130,171,0,1951,1933,954
FPV,194,127,170,0,1952,1933,954
FPV,195,127,172,0,1953,1934,954
FPV,196,125,172,0,1953,1934,954
FPV,197,124,171,0,1951,1933,954
FPV,198,124,174,0,1950,1931,954
FPV,199,122,175,0,1951,1933,954
FPV,200,121,174,0,1952,1932,954
FPV,201,123,177,0,1952,1932,954
FPV,202,119,177,0,1952,1933,954
FPV,203,119,175,0,1950,1933,954
FPV,204,120,177,0,1947,1934,954
FPV,205,116,176,0,1954,1933,954
FPV,206,119,177,0,1952,1933,954
FPV,207,113,178,0,1951,1932,954
FPV,208,113,178,0,1952,1933,954
FPV,209,115,177,0,1953,1933,954
FPV,210,113,179,0,1951,1931,954
FPV,211,107,179,0,1951,1933,954
FPV,212,107,180,0,1951,1933,954
FPV,213,106,180,0,1953,1933,954
FPV,214,106,179,0,1953,1933,954
FPV,215,103,181,0,1952,1933,954
FPV,216,105,181,0,1950,1933,954
FPV,217,103,182,0,1952,1934,954
FPV,218,98,181,0,1952,1932,954
FPV,219,98,180,0,1956,1932,954
FPV,220,98,182,0,1952,1932,954
FPV,221,97,183,0,1951,1933,954
FPV,222,97,181,0,1951,1933,954
FPV,223,94,182,0,1952,1932,954
FPV,224,89,183,0,1952,1932,954
FPV,225,87,183,0,1952,1933,954
FPV,226,88,183,0,1952,1933,954
FPV,227,87,184,0,1953,1932,954
FPV,228,84,184,0,1948,1932,954
FPV,229,84,184,0,1951,1933,954
FPV,230,81,182,0,1952,1932,954
FPV,231,77,183,0,1952,1933,954
FPV,232,76,182,0,1949,1932,954
FPV,233,73,183,0,1952,1933,954
FPV,234,75,185,0,1952,1934,954
FPV,235,72,183,0,1951,1933,954
FPV,236,67,185,0,1952,1932,954
FPV,237,65,185,0,1953,1932,954
FPV,238,65,185,0,1952,1933,954
FPV,239,66,185,0,1952,1932,954
FPV,240,61,185,0,1952,1932,954
FPV,241,60,184,0,1954,1933,954
FPV,242,57,184,0,1952,1933,954
FPV,243,55,182,0,1952,1932,954
FPV,244,54,184,0,1953,1932,954
FPV,245,27,174,0,1952,1932,954
FPV,246,22,172,0,1950,1933,954
FPV,247,22,173,0,1951,1932,954
FPV,248,15,171,0,1953,1933,954
FPV,249,15,172,0,1953,1933,954
FPV,250,17,173,0,1952,1933,954
FPV,251,14,173,0,1952,1932,954
FPV,252,11,173,0,1951,1932,954
FPV,253,11,172,0,1951,1932,954
FPV,254,10,173,0,1950,1932,954
FPV,255,9,172,0,1949,1932,954
msh >
msh >
ALV,0004231f,3003119,123257,0,12301
foc_status
FSTAT,hold,rust-smo-pll,0,0,1000,1000
FSTAT,iref=0/800,i=-3/803,v=-1065/4573
FOBS,47/-75,454,1000/0,6f,0,0/0,0
FOC f=0004231f s=123257 e=0 ISR=10437/12750 miss=0 pk=614(979mA)
FTIMING,2,123257,0,95924,10437,486,9218,733,0,0,519,9218,733,12750,0,0,0,271135,0,0,0
FOC st=0 rf=00000000 duty=500/500/500
FPROF,0,6,43116001,28041007,00,edf4f6ca,888e4e91
FADC,1950/1934/1956,1953/1934/1953,952,12275,2050
msh >
msh >
foc_phase_capture stop
FPV stopped.
msh >
msh >
foc_stop
FSTOP
msh >
msh >
foc_cfg closedloop 0
C0,rust-smo-pll,1/1,0,1000/800/800,2000/5000/50,900
CL,7000/18000,1150,30/970,12750
CO,4000/240/15,40/600/1000
CG,524/0,650/650,250,10,20,5000/200,500,470/200,4000
CA,0/0
CI,0/0/0,12000,550,1000,5,1000,0
msh >
msh >
foc_cfg startup 582
C0,rust-smo-pll,1/1,0,582/800/800,2000/5000/50,900
CL,7000/18000,1150,30/970,12750
CO,4000/240/15,40/600/1000
CG,524/0,650/650,250,10,20,5000/200,500,470/200,4000
CA,0/0
CI,0/0/0,12000,550,1000,5,1000,0
msh >
msh >
foc_cfg align 2000
C0,rust-smo-pll,1/1,0,582/800/800,2000/5000/50,900
CL,7000/18000,1150,30/970,12750
CO,4000/240/15,40/600/1000
CG,524/0,650/650,250,10,20,5000/200,500,470/200,4000
CA,0/0
CI,0/0/0,12000,550,1000,5,1000,0
msh >
msh >
foc_cfg ramp 5000
C0,rust-smo-pll,1/1,0,582/800/800,2000/5000/50,900
CL,7000/18000,1150,30/970,12750
CO,4000/240/15,40/600/1000
CG,524/0,650/650,250,10,20,5000/200,500,470/200,4000
CA,0/0
CI,0/0/0,12000,550,1000,5,1000,0
msh >
msh >
