# FluxRT EXP-B3 S5.0 powered one-shot serial evidence
# captured_at_local=2026-09-27T20:34:00+08:00
# board=NUCLEO-G431RB + X-NUCLEO-IHM16M1
# motor=GBM2804H-100T, unloaded, freely rotating
# supply=12.3 V nominal, 2 A current limit
# firmware_profile=Identification S4.9
# command=foc_lsi_start LSI1
# command_count=1; automatic_retry=false
# current_offsets_u_v_w=1951,1933,1953
# current_counts_per_amp_nominal=626.535
# bus_volts_per_count_nominal=0.0128937729
# hex_sha256=71658365FFC5F7033B4A4AC94983D4CF4059F1759EB7738950212D0D97332EB2

FLSI_STATUS,2,0,1,0,0,1,0,1,1,1,0,0,0,0
FLSI_HW,1,1,1,11785256,953,7083,11785256,798,275,1606,14193,16737,31990559
FLSI_START,2,0,1,2,0,1,0,1,1,1,0,0,1,1
FLSI_STATUS,2,0,1,7,0,1,0,1,1,1,0,0,1,1
FLSI_HW,1,1,1,11833180,953,7083,11833180,862,275,1606,14193,20906,31990559
FLSI_CAP_STATUS,1,2,12000,256,192,192,0,0,0,0
FOC f=01e8231f s=0 e=0 ISR=11078/12750 miss=0 pk=0(0mA)
FTIMING,2,449,0,0,11078,1502,9498,78,0,0,1502,9701,84,12750,0,0,0,31990559,0,0,0
FADC,1952/1933/1952,1951/1933/1953,951,12262,2049

FLSI_RAW,0,11794995,1952,1933,953,4114,3255,3255,7083,144
FLSI_RAW,1,11794996,1898,1956,953,4114,3255,3255,7083,144
FLSI_RAW,2,11794997,1879,1965,952,4114,3255,3255,7083,144
FLSI_RAW,3,11794998,1867,1972,952,4115,3255,3255,7083,144
FLSI_RAW,4,11794999,1855,1975,952,4115,3255,3255,7083,144
FLSI_RAW,5,11795000,1853,1979,952,4115,3255,3255,7083,144
FLSI_RAW,6,11795001,1849,1982,952,4115,3255,3255,7083,144
FLSI_RAW,7,11795002,1847,1983,953,4115,3255,3255,7083,144
FLSI_RAW,8,11795003,1846,1985,952,4114,3255,3255,7083,144
FLSI_RAW,9,11795004,1846,1985,951,4115,3255,3255,7083,144
FLSI_RAW,10,11795005,1844,1985,952,4115,3255,3255,7083,144
FLSI_RAW,11,11795006,1839,1986,954,4115,3255,3255,7083,144
FLSI_RAW,12,11795007,1842,1986,951,4113,3256,3256,7083,144
FLSI_RAW,13,11795008,1842,1987,951,4115,3255,3255,7083,144
FLSI_RAW,14,11795009,1844,1986,952,4115,3255,3255,7083,144
FLSI_RAW,15,11795010,1840,1986,952,4115,3255,3255,7083,144
FLSI_RAW,16,11795011,1842,1986,952,4115,3255,3255,7083,144
FLSI_RAW,17,11795012,1841,1986,952,4115,3255,3255,7083,144
FLSI_RAW,18,11795013,1839,1986,953,4115,3255,3255,7083,144
FLSI_RAW,19,11795014,1842,1986,951,4114,3255,3255,7083,144
FLSI_RAW,20,11795015,1842,1986,951,4115,3255,3255,7083,144
FLSI_RAW,21,11795016,1842,1986,952,4115,3255,3255,7083,144
FLSI_RAW,22,11795017,1844,1985,952,4115,3255,3255,7083,144
FLSI_RAW,23,11795018,1843,1987,952,4115,3255,3255,7083,144
FLSI_RAW,24,11795019,1842,1986,950,4115,3255,3255,7083,144
FLSI_RAW,25,11795020,1839,1985,951,4116,3254,3254,7083,144
FLSI_RAW,26,11795021,1843,1986,951,4115,3255,3255,7083,144
FLSI_RAW,27,11795022,1842,1984,951,4115,3255,3255,7083,144
FLSI_RAW,28,11795023,1842,1983,951,4115,3255,3255,7083,144
FLSI_RAW,29,11795024,1841,1985,951,4115,3255,3255,7083,144
FLSI_RAW,30,11795025,1840,1986,952,4115,3255,3255,7083,144
FLSI_RAW,31,11795026,1842,1986,951,4115,3255,3255,7083,144
FLSI_RAW,32,11795027,1842,1984,951,4115,3255,3255,7083,144
FLSI_RAW,33,11795028,1841,1983,951,4115,3255,3255,7083,144
FLSI_RAW,34,11795029,1842,1985,955,4115,3255,3255,7083,144
FLSI_RAW,35,11795030,1840,1983,953,4113,3256,3256,7083,144
FLSI_RAW,36,11795031,1842,1984,952,4114,3255,3255,7083,144
FLSI_RAW,37,11795032,1843,1983,952,4115,3255,3255,7083,144
FLSI_RAW,38,11795033,1843,1983,951,4115,3255,3255,7083,144
FLSI_RAW,39,11795034,1843,1983,951,4115,3255,3255,7083,144
FLSI_RAW,40,11795035,1840,1985,952,4115,3255,3255,7083,144
FLSI_RAW,41,11795036,1842,1983,954,4115,3255,3255,7083,144
FLSI_RAW,42,11795037,1840,1983,951,4113,3256,3256,7083,144
FLSI_RAW,43,11795038,1841,1984,949,4115,3255,3255,7083,144
FLSI_RAW,44,11795039,1842,1983,951,4116,3254,3254,7083,144
FLSI_RAW,45,11795040,1842,1983,952,4115,3255,3255,7083,144
FLSI_RAW,46,11795041,1842,1983,952,4115,3255,3255,7083,144
FLSI_RAW,47,11795042,1846,1983,950,4115,3255,3255,7083,144
FLSI_RAW,48,11795043,1843,1983,952,4116,3254,3254,7083,144
FLSI_RAW,49,11795044,1842,1983,950,4115,3255,3255,7083,144
FLSI_RAW,50,11795045,1842,1983,951,4116,3254,3254,7083,144
FLSI_RAW,51,11795046,1843,1983,952,4115,3255,3255,7083,144
FLSI_RAW,52,11795047,1842,1983,953,4115,3255,3255,7083,144
FLSI_RAW,53,11795048,1843,1983,949,4114,3255,3255,7083,144
FLSI_RAW,54,11795049,1843,1983,952,4116,3254,3254,7083,144
FLSI_RAW,55,11795050,1841,1982,953,4115,3255,3255,7083,144
FLSI_RAW,56,11795051,1843,1983,951,4114,3255,3255,7083,144
FLSI_RAW,57,11795052,1845,1982,951,4115,3255,3255,7083,144
FLSI_RAW,58,11795053,1843,1982,954,4115,3255,3255,7083,144
FLSI_RAW,59,11795054,1844,1982,951,4113,3256,3256,7083,144
FLSI_RAW,60,11795055,1845,1984,952,4115,3255,3255,7083,144
FLSI_RAW,61,11795056,1843,1981,951,4115,3255,3255,7083,144
FLSI_RAW,62,11795057,1843,1982,951,4115,3255,3255,7083,144
FLSI_RAW,63,11795058,1842,1982,951,4115,3255,3255,7083,144
FLSI_RAW,64,11795059,1844,1981,951,4115,3255,3255,7083,144
FLSI_RAW,65,11795060,1843,1981,951,4115,3255,3255,7083,144
FLSI_RAW,66,11795061,1844,1981,952,4115,3255,3255,7083,144
FLSI_RAW,67,11795062,1843,1981,951,4115,3255,3255,7083,144
FLSI_RAW,68,11795063,1842,1981,950,4115,3255,3255,7083,144
FLSI_RAW,69,11795064,1846,1980,956,4116,3254,3254,7083,144
FLSI_RAW,70,11795065,1845,1982,951,4112,3256,3256,7083,144
FLSI_RAW,71,11795066,1842,1980,952,4115,3255,3255,7083,144
FLSI_RAW,72,11795067,1844,1981,951,4115,3255,3255,7083,144
FLSI_RAW,73,11795068,1844,1979,951,4115,3255,3255,7083,144
FLSI_RAW,74,11795069,1842,1980,951,4115,3255,3255,7083,144
FLSI_RAW,75,11795070,1843,1980,953,4115,3255,3255,7083,144
FLSI_RAW,76,11795071,1844,1980,952,4114,3255,3255,7083,144
FLSI_RAW,77,11795072,1844,1980,952,4115,3255,3255,7083,144
FLSI_RAW,78,11795073,1847,1981,951,4115,3255,3255,7083,144
FLSI_RAW,79,11795074,1844,1980,951,4115,3255,3255,7083,144
FLSI_RAW,80,11795075,1844,1981,951,4115,3255,3255,7083,144
FLSI_RAW,81,11795076,1847,1979,950,4115,3255,3255,7083,144
FLSI_RAW,82,11795077,1846,1979,951,4116,3254,3254,7083,144
FLSI_RAW,83,11795078,1843,1979,951,4115,3255,3255,7083,144
FLSI_RAW,84,11795079,1845,1980,952,4115,3255,3255,7083,144
FLSI_RAW,85,11795080,1846,1979,951,4115,3255,3255,7083,144
FLSI_RAW,86,11795081,1845,1979,951,4115,3255,3255,7083,144
FLSI_RAW,87,11795082,1844,1979,951,4115,3255,3255,7083,144
FLSI_RAW,88,11795083,1844,1979,955,4115,3255,3255,7083,144
FLSI_RAW,89,11795084,1845,1979,952,4113,3256,3256,7083,144
FLSI_RAW,90,11795085,1846,1979,950,4115,3255,3255,7083,144
FLSI_RAW,91,11795086,1846,1980,951,4116,3254,3254,7083,144
FLSI_RAW,92,11795087,1847,1980,953,4115,3255,3255,7083,144
FLSI_RAW,93,11795088,1845,1978,951,4114,3255,3255,7083,144
FLSI_RAW,94,11795089,1843,1978,953,4115,3255,3255,7083,144
FLSI_RAW,95,11795090,1845,1979,952,4114,3255,3255,7083,144
FLSI_RAW,96,11795091,1845,1978,951,4115,3255,3255,7083,144
FLSI_RAW,97,11795092,1845,1978,951,4115,3255,3255,7083,144
FLSI_RAW,98,11795093,1847,1979,950,4115,3255,3255,7083,144
FLSI_RAW,99,11795094,1846,1978,951,4116,3254,3254,7083,144
FLSI_RAW,100,11795095,1845,1979,951,4115,3255,3255,7083,144
FLSI_RAW,101,11795096,1845,1979,951,4115,3255,3255,7083,144
FLSI_RAW,102,11795097,1845,1978,951,4115,3255,3255,7083,144
FLSI_RAW,103,11795098,1846,1978,951,4115,3255,3255,7083,144
FLSI_RAW,104,11795099,1845,1978,951,4115,3255,3255,7083,144
FLSI_RAW,105,11795100,1845,1977,950,4115,3255,3255,7083,144
FLSI_RAW,106,11795101,1844,1978,951,4116,3254,3254,7083,144
FLSI_RAW,107,11795102,1845,1977,952,4115,3255,3255,7083,144
FLSI_RAW,108,11795103,1845,1977,952,4115,3255,3255,7083,144
FLSI_RAW,109,11795104,1847,1978,950,4115,3255,3255,7083,144
FLSI_RAW,110,11795105,1847,1976,950,4116,3254,3254,7083,144
FLSI_RAW,111,11795106,1843,1978,951,4116,3254,3254,7083,144
FLSI_RAW,112,11795107,1847,1977,952,4115,3255,3255,7083,144
FLSI_RAW,113,11795108,1846,1975,950,4115,3255,3255,7083,144
FLSI_RAW,114,11795109,1847,1977,951,4116,3254,3254,7083,144
FLSI_RAW,115,11795110,1847,1976,951,4115,3255,3255,7083,144
FLSI_RAW,116,11795111,1844,1975,951,4115,3255,3255,7083,144
FLSI_RAW,117,11795112,1847,1976,951,4115,3255,3255,7083,144
FLSI_RAW,118,11795113,1849,1977,951,4115,3255,3255,7083,144
FLSI_RAW,119,11795114,1848,1979,953,4115,3255,3255,7083,144
FLSI_RAW,120,11795115,1845,1977,949,4345,3140,3140,7083,176
FLSI_RAW,121,11795116,1839,1979,951,4348,3138,3138,7083,176
FLSI_RAW,122,11795117,1834,1984,955,4346,3139,3139,7083,176
FLSI_RAW,123,11795118,1820,1988,953,4343,3141,3141,7083,176
FLSI_RAW,124,11795119,1816,1990,951,3884,3370,3370,7083,208
FLSI_RAW,125,11795120,1827,1985,951,3884,3370,3370,7083,208
FLSI_RAW,126,11795121,1849,1977,951,3884,3370,3370,7083,208
FLSI_RAW,127,11795122,1861,1970,951,3884,3370,3370,7083,208
FLSI_RAW,128,11795123,1871,1966,952,4346,3139,3139,7083,176
FLSI_RAW,129,11795124,1861,1969,951,4345,3140,3140,7083,176
FLSI_RAW,130,11795125,1842,1977,952,4346,3139,3139,7083,176
FLSI_RAW,131,11795126,1829,1982,951,4345,3140,3140,7083,176
FLSI_RAW,132,11795127,1823,1985,951,3884,3370,3370,7083,208
FLSI_RAW,133,11795128,1832,1981,950,3884,3370,3370,7083,208
FLSI_RAW,134,11795129,1852,1974,951,3885,3370,3370,7083,208
FLSI_RAW,135,11795130,1864,1968,952,3884,3370,3370,7083,208
FLSI_RAW,136,11795131,1869,1964,947,4345,3140,3140,7083,176
FLSI_RAW,137,11795132,1865,1967,953,4350,3137,3137,7083,176
FLSI_RAW,138,11795133,1845,1975,952,4345,3140,3140,7083,176
FLSI_RAW,139,11795134,1832,1980,951,4345,3140,3140,7083,176
FLSI_RAW,140,11795135,1824,1984,956,3884,3370,3370,7083,208
FLSI_RAW,141,11795136,1834,1980,951,3882,3371,3371,7083,208
FLSI_RAW,142,11795137,1850,1973,950,3884,3370,3370,7083,208
FLSI_RAW,143,11795138,1866,1967,950,3885,3370,3370,7083,208
FLSI_RAW,144,11795139,1876,1963,951,4347,3139,3139,7083,176
FLSI_RAW,145,11795140,1863,1966,948,4346,3139,3139,7083,176
FLSI_RAW,146,11795141,1845,1973,951,4349,3138,3138,7083,176
FLSI_RAW,147,11795142,1832,1979,952,4346,3139,3139,7083,176
FLSI_RAW,148,11795143,1824,1983,952,3884,3370,3370,7083,208
FLSI_RAW,149,11795144,1837,1979,951,3884,3370,3370,7083,208
FLSI_RAW,150,11795145,1855,1972,951,3884,3370,3370,7083,208
FLSI_RAW,151,11795146,1868,1967,951,3884,3370,3370,7083,208
FLSI_RAW,152,11795147,1874,1962,952,4346,3139,3139,7083,176
FLSI_RAW,153,11795148,1863,1965,952,4345,3140,3140,7083,176
FLSI_RAW,154,11795149,1846,1973,951,4345,3140,3140,7083,176
FLSI_RAW,155,11795150,1834,1978,951,4346,3139,3139,7083,176
FLSI_RAW,156,11795151,1829,1981,949,3884,3370,3370,7083,208
FLSI_RAW,157,11795152,1836,1979,950,3885,3370,3370,7083,208
FLSI_RAW,158,11795153,1854,1971,951,3885,3370,3370,7083,208
FLSI_RAW,159,11795154,1866,1965,951,3884,3370,3370,7083,208
FLSI_RAW,160,11795155,1873,1962,951,4346,3139,3139,7083,176
FLSI_RAW,161,11795156,1864,1965,951,4346,3139,3139,7083,176
FLSI_RAW,162,11795157,1848,1973,952,4346,3139,3139,7083,176
FLSI_RAW,163,11795158,1835,1977,953,4345,3140,3140,7083,176
FLSI_RAW,164,11795159,1824,1980,951,3884,3370,3370,7083,208
FLSI_RAW,165,11795160,1838,1978,952,3884,3370,3370,7083,208
FLSI_RAW,166,11795161,1858,1971,953,3884,3370,3370,7083,208
FLSI_RAW,167,11795162,1869,1965,952,3884,3370,3370,7083,208
FLSI_RAW,168,11795163,1952,1933,951,0,0,0,7083,128
FLSI_RAW,169,11795164,1950,1931,951,0,0,0,7083,128
FLSI_RAW,170,11795165,1949,1933,949,0,0,0,7083,128
FLSI_RAW,171,11795166,1952,1934,952,0,0,0,7083,128
FLSI_RAW,172,11795167,1951,1933,952,0,0,0,7083,128
FLSI_RAW,173,11795168,1949,1932,951,0,0,0,7083,128
FLSI_RAW,174,11795169,1951,1933,953,0,0,0,7083,128
FLSI_RAW,175,11795170,1950,1932,951,0,0,0,7083,128
FLSI_RAW,176,11795171,1950,1932,952,0,0,0,7083,128
FLSI_RAW,177,11795172,1950,1933,951,0,0,0,7083,128
FLSI_RAW,178,11795173,1947,1931,950,0,0,0,7083,128
FLSI_RAW,179,11795174,1949,1933,953,0,0,0,7083,128
FLSI_RAW,180,11795175,1954,1932,950,0,0,0,7083,128
FLSI_RAW,181,11795176,1950,1934,951,0,0,0,7083,128
FLSI_RAW,182,11795177,1949,1932,952,0,0,0,7083,128
FLSI_RAW,183,11795178,1951,1934,951,0,0,0,7083,128
FLSI_RAW,184,11795179,1949,1931,951,0,0,0,7083,128
FLSI_RAW,185,11795180,1952,1931,954,0,0,0,7083,128
FLSI_RAW,186,11795181,1954,1933,953,0,0,0,7083,128
FLSI_RAW,187,11795182,1950,1933,951,0,0,0,7083,128
FLSI_RAW,188,11795183,1950,1933,952,0,0,0,7083,128
FLSI_RAW,189,11795184,1952,1934,952,0,0,0,7083,128
FLSI_RAW,190,11795185,1947,1931,950,0,0,0,7083,128
FLSI_RAW,191,11795186,1950,1932,952,0,0,0,7083,128
FLSI_CAP_DUMP,1,192

FLSI_STATUS,2,0,1,7,0,1,0,1,1,1,0,0,1,1
FLSI_HW,1,1,1,11936131,956,7083,11936131,297,275,1606,14164,20906,31990559
FOC f=01e8231f s=0 e=0 ISR=11078/12750 miss=0 pk=0(0mA)
FTIMING,2,449,0,0,11078,1502,9498,78,0,0,1502,9701,84,12750,0,0,0,31990559,0,0,0
FOC st=0 rf=00000000 duty=0/0/0
FADC,1953/1933/1951,1951/1933/1953,955,12314,2050
