# FluxRT EXP-B3 S5.4 locked-rotor 6x6 powered one-shot serial evidence
# captured_at_local=2026-09-27T21:29:00+08:00
# board=NUCLEO-G431RB + X-NUCLEO-IHM16M1
# motor=GBM2804H-100T, rotor mechanically fixed
# supply=12.3 V nominal, 2 A current limit carried forward from the active hardware session
# emergency_power_cut_available=true
# firmware_profile=Identification S5.2 6x6
# command=foc_lsi_start LSI1
# command_count=1; automatic_retry=false
# current_offsets_u_v_w=1951,1933,1953
# current_counts_per_amp_nominal=626.535
# bus_volts_per_count_nominal=0.0128937729
# sequence=bias24,pos6,neg6,pairs6,cooldown24
# hex_sha256=744DBF78112FDA26274D06B64331F99DED54FB4B7BBDD4407E5E4B716BDEEEFB

FLSI_CONFIG,1,12000,256,24,6,6,24,600,6000,200,400,1150,50,7000,18000
FLSI_STATUS,2,0,1,0,0,1,0,1,1,1,0,0,0,0
FLSI_HW,1,1,1,7085810,954,7083,7085810,297,275,1606,14142,16704,31990559
FLSI_START,2,0,1,2,0,1,0,1,1,1,0,0,1,1
FLSI_STATUS,2,0,1,7,0,1,0,1,1,1,0,0,1,1
FLSI_CAP_STATUS,1,2,12000,256,120,120,0,0,0,0
FLSI_HW,1,1,1,7812557,952,7083,7812557,798,275,1606,14193,20973,31990559
FOC f=01e8231f s=0 e=0 ISR=11053/12750 miss=0 pk=0(0mA)
FTIMING,2,377,0,0,11053,1470,9505,78,0,0,1474,9708,84,12750,0,0,0,31990559,0,0,0
FOC st=0 rf=00000000 duty=0/0/0
FADC,1953/1933/1953,1952/1934/1953,954,12301,2051

FLSI_RAW,0,7759897,1953,1932,952,4113,3256,3256,7083,144
FLSI_RAW,1,7759898,1907,1949,954,4115,3255,3255,7083,144
FLSI_RAW,2,7759899,1890,1957,951,4113,3256,3256,7083,144
FLSI_RAW,3,7759900,1878,1963,954,4115,3255,3255,7083,144
FLSI_RAW,4,7759901,1866,1970,951,4113,3256,3256,7083,144
FLSI_RAW,5,7759902,1860,1974,953,4115,3255,3255,7083,144
FLSI_RAW,6,7759903,1858,1976,953,4114,3255,3255,7083,144
FLSI_RAW,7,7759904,1854,1978,952,4114,3255,3255,7083,144
FLSI_RAW,8,7759905,1850,1981,953,4115,3255,3255,7083,144
FLSI_RAW,9,7759906,1848,1983,951,4114,3255,3255,7083,144
FLSI_RAW,10,7759907,1847,1983,953,4115,3255,3255,7083,144
FLSI_RAW,11,7759908,1846,1985,953,4114,3255,3255,7083,144
FLSI_RAW,12,7759909,1845,1985,953,4114,3255,3255,7083,144
FLSI_RAW,13,7759910,1844,1987,953,4114,3255,3255,7083,144
FLSI_RAW,14,7759911,1845,1987,954,4114,3255,3255,7083,144
FLSI_RAW,15,7759912,1841,1986,952,4113,3256,3256,7083,144
FLSI_RAW,16,7759913,1845,1986,951,4115,3255,3255,7083,144
FLSI_RAW,17,7759914,1845,1988,956,4115,3255,3255,7083,144
FLSI_RAW,18,7759915,1842,1987,953,4112,3256,3256,7083,144
FLSI_RAW,19,7759916,1842,1987,954,4114,3255,3255,7083,144
FLSI_RAW,20,7759917,1843,1988,952,4113,3256,3256,7083,144
FLSI_RAW,21,7759918,1843,1987,952,4115,3255,3255,7083,144
FLSI_RAW,22,7759919,1842,1987,952,4115,3255,3255,7083,144
FLSI_RAW,23,7759920,1842,1987,953,4115,3255,3255,7083,144
FLSI_RAW,24,7759921,1847,1988,954,4345,3140,3140,7083,176
FLSI_RAW,25,7759922,1840,1990,950,4344,3140,3140,7083,176
FLSI_RAW,26,7759923,1825,1994,953,4347,3139,3139,7083,176
FLSI_RAW,27,7759924,1821,1998,953,4345,3140,3140,7083,176
FLSI_RAW,28,7759925,1811,2000,953,4345,3140,3140,7083,176
FLSI_RAW,29,7759926,1809,2002,950,4345,3140,3140,7083,176
FLSI_RAW,30,7759927,1805,2003,952,3885,3370,3370,7083,208
FLSI_RAW,31,7759928,1818,2001,953,3884,3370,3370,7083,208
FLSI_RAW,32,7759929,1835,1994,951,3884,3370,3370,7083,208
FLSI_RAW,33,7759930,1848,1987,953,3884,3370,3370,7083,208
FLSI_RAW,34,7759931,1858,1982,954,3884,3370,3370,7083,208
FLSI_RAW,35,7759932,1867,1979,952,3883,3371,3371,7083,208
FLSI_RAW,36,7759933,1872,1976,954,4345,3140,3140,7083,176
FLSI_RAW,37,7759934,1862,1979,951,4344,3140,3140,7083,176
FLSI_RAW,38,7759935,1845,1986,953,4346,3139,3139,7083,176
FLSI_RAW,39,7759936,1830,1989,953,4345,3140,3140,7083,176
FLSI_RAW,40,7759937,1820,1995,953,4345,3140,3140,7083,176
FLSI_RAW,41,7759938,1816,1998,953,4345,3140,3140,7083,176
FLSI_RAW,42,7759939,1810,2002,953,3884,3370,3370,7083,208
FLSI_RAW,43,7759940,1821,1998,954,3884,3370,3370,7083,208
FLSI_RAW,44,7759941,1842,1991,952,3883,3371,3371,7083,208
FLSI_RAW,45,7759942,1851,1986,953,3884,3370,3370,7083,208
FLSI_RAW,46,7759943,1861,1981,954,3884,3370,3370,7083,208
FLSI_RAW,47,7759944,1869,1978,953,3883,3371,3371,7083,208
FLSI_RAW,48,7759945,1873,1975,952,4345,3140,3140,7083,176
FLSI_RAW,49,7759946,1863,1978,952,4345,3140,3140,7083,176
FLSI_RAW,50,7759947,1845,1985,953,4345,3140,3140,7083,176
FLSI_RAW,51,7759948,1829,1990,954,4345,3140,3140,7083,176
FLSI_RAW,52,7759949,1823,1995,952,4344,3140,3140,7083,176
FLSI_RAW,53,7759950,1815,1998,952,4345,3140,3140,7083,176
FLSI_RAW,54,7759951,1809,2001,952,3884,3370,3370,7083,208
FLSI_RAW,55,7759952,1822,1998,954,3884,3370,3370,7083,208
FLSI_RAW,56,7759953,1838,1992,954,3883,3371,3371,7083,208
FLSI_RAW,57,7759954,1851,1985,952,3883,3371,3371,7083,208
FLSI_RAW,58,7759955,1862,1981,952,3884,3370,3370,7083,208
FLSI_RAW,59,7759956,1868,1977,952,3884,3370,3370,7083,208
FLSI_RAW,60,7759957,1876,1975,960,4345,3140,3140,7083,176
FLSI_RAW,61,7759958,1862,1978,954,4339,3143,3143,7083,176
FLSI_RAW,62,7759959,1845,1985,953,4344,3140,3140,7083,176
FLSI_RAW,63,7759960,1833,1990,952,4345,3140,3140,7083,176
FLSI_RAW,64,7759961,1822,1995,948,4345,3140,3140,7083,176
FLSI_RAW,65,7759962,1815,1998,952,4349,3138,3138,7083,176
FLSI_RAW,66,7759963,1813,2000,954,3884,3370,3370,7083,208
FLSI_RAW,67,7759964,1822,1997,952,3883,3371,3371,7083,208
FLSI_RAW,68,7759965,1843,1991,955,3884,3370,3370,7083,208
FLSI_RAW,69,7759966,1853,1985,952,3883,3371,3371,7083,208
FLSI_RAW,70,7759967,1860,1981,952,3884,3370,3370,7083,208
FLSI_RAW,71,7759968,1869,1977,952,3884,3370,3370,7083,208
FLSI_RAW,72,7759969,1871,1975,953,4345,3140,3140,7083,176
FLSI_RAW,73,7759970,1864,1978,952,4345,3140,3140,7083,176
FLSI_RAW,74,7759971,1845,1984,952,4345,3140,3140,7083,176
FLSI_RAW,75,7759972,1831,1990,953,4345,3140,3140,7083,176
FLSI_RAW,76,7759973,1822,1995,953,4345,3140,3140,7083,176
FLSI_RAW,77,7759974,1817,1999,953,4345,3140,3140,7083,176
FLSI_RAW,78,7759975,1809,2002,952,3884,3370,3370,7083,208
FLSI_RAW,79,7759976,1822,1998,953,3884,3370,3370,7083,208
FLSI_RAW,80,7759977,1840,1991,953,3884,3370,3370,7083,208
FLSI_RAW,81,7759978,1852,1986,952,3884,3370,3370,7083,208
FLSI_RAW,82,7759979,1860,1982,953,3884,3370,3370,7083,208
FLSI_RAW,83,7759980,1869,1977,951,3884,3370,3370,7083,208
FLSI_RAW,84,7759981,1872,1973,953,4346,3139,3139,7083,176
FLSI_RAW,85,7759982,1862,1978,952,4345,3140,3140,7083,176
FLSI_RAW,86,7759983,1846,1985,952,4345,3140,3140,7083,176
FLSI_RAW,87,7759984,1830,1990,953,4345,3140,3140,7083,176
FLSI_RAW,88,7759985,1823,1995,951,4345,3140,3140,7083,176
FLSI_RAW,89,7759986,1815,1998,952,4346,3139,3139,7083,176
FLSI_RAW,90,7759987,1811,2001,953,3884,3370,3370,7083,208
FLSI_RAW,91,7759988,1821,1999,954,3884,3370,3370,7083,208
FLSI_RAW,92,7759989,1839,1991,953,3883,3371,3371,7083,208
FLSI_RAW,93,7759990,1851,1987,952,3884,3370,3370,7083,208
FLSI_RAW,94,7759991,1860,1981,952,3884,3370,3370,7083,208
FLSI_RAW,95,7759992,1866,1977,951,3884,3370,3370,7083,208
FLSI_RAW,96,7759993,1951,1933,953,0,0,0,7083,128
FLSI_RAW,97,7759994,1951,1933,952,0,0,0,7083,128
FLSI_RAW,98,7759995,1951,1932,952,0,0,0,7083,128
FLSI_RAW,99,7759996,1951,1933,954,0,0,0,7083,128
FLSI_RAW,100,7759997,1951,1932,953,0,0,0,7083,128
FLSI_RAW,101,7759998,1953,1933,951,0,0,0,7083,128
FLSI_RAW,102,7759999,1951,1932,952,0,0,0,7083,128
FLSI_RAW,103,7760000,1952,1933,951,0,0,0,7083,128
FLSI_RAW,104,7760001,1951,1932,953,0,0,0,7083,128
FLSI_RAW,105,7760002,1952,1933,952,0,0,0,7083,128
FLSI_RAW,106,7760003,1951,1931,954,0,0,0,7083,128
FLSI_RAW,107,7760004,1951,1932,952,0,0,0,7083,128
FLSI_RAW,108,7760005,1951,1933,953,0,0,0,7083,128
FLSI_RAW,109,7760006,1951,1932,954,0,0,0,7083,128
FLSI_RAW,110,7760007,1951,1933,953,0,0,0,7083,128
FLSI_RAW,111,7760008,1951,1933,953,0,0,0,7083,128
FLSI_RAW,112,7760009,1952,1933,951,0,0,0,7083,128
FLSI_RAW,113,7760010,1952,1933,953,0,0,0,7083,128
FLSI_RAW,114,7760011,1951,1932,953,0,0,0,7083,128
FLSI_RAW,115,7760012,1951,1933,954,0,0,0,7083,128
FLSI_RAW,116,7760013,1951,1932,952,0,0,0,7083,128
FLSI_RAW,117,7760014,1950,1932,952,0,0,0,7083,128
FLSI_RAW,118,7760015,1951,1932,954,0,0,0,7083,128
FLSI_RAW,119,7760016,1952,1932,953,0,0,0,7083,128
FLSI_CAP_DUMP,1,120

FLSI_CAP_STATUS,1,2,12000,256,120,0,0,0,0,0
FLSI_STATUS,2,0,1,7,0,1,0,1,1,1,0,0,1,1
FLSI_HW,1,1,1,7936145,952,7083,7936145,297,275,1606,14143,20973,31990559
FOC f=01e8231f s=0 e=0 ISR=11053/12750 miss=0 pk=0(0mA)
FTIMING,2,377,0,0,11053,1470,9505,78,0,0,1474,9708,84,12750,0,0,0,31990559,0,0,0
FOC st=0 rf=00000000 duty=0/0/0
FADC,1949/1931/1959,1952/1934/1953,953,12288,2052
FSTOP
