foc_stop
FOC stopped; gate enable and TIM1 outputs are disabled.
msh >
msh >
FOC alive flags=0x0004231f sync=421583 steps=0 errors=0 Vbus=13mV.
foc_phase_capture stop
FOC phase capture stopped; IO_BEMF disabled.
msh >
msh >
foc_phase_capture start on
FOC phase capture armed: divider=on, 256 samples at 12kHz (~21.33ms), outputs remain DISABLED.
msh >
msh >
foc_phase_capture status
FOC phase capture state=complete capture-divider=on rate=12000Hz samples=256/256 unread=256 window=21333us raw-only.
msh >
msh >
foc_phase_capture dump
FPV_META,divider=on
FPV_HEADER,sequence,phase_u_raw,phase_v_raw,phase_w_raw,current_u_raw,current_v_raw,bus_last_raw
FPV,0,78,43,60,1950,1932,0
FPV,1,77,35,16,1952,1932,0
FPV,2,73,36,53,1951,1933,0
FPV,3,73,34,50,1951,1932,0
FPV,4,73,34,28,1949,1933,0
FPV,5,76,35,16,1950,1933,0
FPV,6,76,36,50,1953,1933,0
FPV,7,74,34,48,1951,1933,0
FPV,8,76,34,18,1950,1933,0
FPV,9,72,36,55,1952,1933,0
FPV,10,78,35,16,1951,1932,0
FPV,11,73,35,55,1951,1933,0
FPV,12,77,35,15,1952,1933,0
FPV,13,75,37,23,1951,1934,0
FPV,14,74,35,48,1955,1932,0
FPV,15,76,35,17,1950,1933,0
FPV,16,73,35,53,1951,1932,0
FPV,17,75,34,15,1952,1933,0
FPV,18,74,33,48,1951,1933,0
FPV,19,77,34,17,1951,1933,0
FPV,20,73,33,49,1952,1933,0
FPV,21,77,35,18,1951,1933,0
FPV,22,76,36,55,1952,1933,0
FPV,23,73,35,52,1952,1933,0
FPV,24,77,35,17,1951,1934,0
FPV,25,75,36,53,1953,1933,0
FPV,26,74,34,47,1953,1932,0
FPV,27,74,34,13,1949,1931,0
FPV,28,75,35,21,1949,1931,0
FPV,29,73,36,54,1950,1933,0
FPV,30,74,34,13,1949,1932,0
FPV,31,76,36,20,1952,1932,0
FPV,32,74,36,54,1950,1933,0
FPV,33,75,36,53,1953,1933,0
FPV,34,72,35,50,1952,1932,0
FPV,35,73,32,49,1952,1933,0
FPV,36,76,34,17,1952,1934,0
FPV,37,75,34,18,1951,1932,0
FPV,38,73,36,54,1951,1933,0
FPV,39,73,35,51,1951,1932,0
FPV,40,74,33,47,1956,1933,0
FPV,41,73,34,47,1953,1933,0
FPV,42,75,35,14,1951,1933,0
FPV,43,73,34,47,1952,1934,0
FPV,44,76,35,13,1952,1933,0
FPV,45,77,37,19,1950,1932,0
FPV,46,72,35,52,1952,1933,0
FPV,47,72,36,51,1951,1932,0
FPV,48,74,33,48,1951,1933,0
FPV,49,73,34,47,1952,1934,0
FPV,50,78,35,16,1950,1933,0
FPV,51,77,35,19,1951,1933,0
FPV,52,72,36,53,1950,1933,0
FPV,53,73,35,53,1951,1933,0
FPV,54,74,34,21,1950,1934,0
FPV,55,76,34,15,1952,1933,0
FPV,56,75,36,47,1953,1933,0
FPV,57,73,35,54,1950,1931,0
FPV,58,74,35,36,1950,1933,0
FPV,59,75,34,18,1950,1932,0
FPV,60,76,36,56,1951,1932,0
FPV,61,75,35,53,1953,1932,0
FPV,62,73,35,49,1951,1933,0
FPV,63,73,34,47,1952,1935,0
FPV,64,78,35,16,1951,1933,0
FPV,65,75,36,30,1953,1933,0
FPV,66,73,34,48,1951,1933,0
FPV,67,73,34,13,1951,1932,0
FPV,68,76,36,20,1946,1933,0
FPV,69,75,36,19,1951,1932,0
FPV,70,75,35,55,1952,1934,0
FPV,71,73,35,47,1951,1934,0
FPV,72,76,35,14,1952,1933,0
FPV,73,74,35,47,1953,1933,0
FPV,74,73,34,46,1954,1933,0
FPV,75,77,35,16,1951,1933,0
FPV,76,73,36,51,1950,1932,0
FPV,77,73,34,47,1954,1933,0
FPV,78,75,36,23,1953,1932,0
FPV,79,72,35,54,1950,1932,0
FPV,80,72,34,48,1952,1934,0
FPV,81,73,35,49,1951,1933,0
FPV,82,71,34,53,1949,1932,0
FPV,83,76,37,19,1951,1932,0
FPV,84,74,35,25,1953,1932,0
FPV,85,72,35,53,1951,1932,0
FPV,86,74,35,37,1949,1932,0
FPV,87,76,36,20,1951,1932,0
FPV,88,73,35,50,1952,1933,0
FPV,89,73,34,13,1950,1933,0
FPV,90,73,35,55,1950,1932,0
FPV,91,73,34,14,1948,1933,0
FPV,92,72,35,53,1950,1932,0
FPV,93,73,34,47,1952,1934,0
FPV,94,76,34,18,1950,1932,0
FPV,95,76,36,22,1950,1934,0
FPV,96,73,35,51,1951,1933,0
FPV,97,73,36,51,1952,1933,0
FPV,98,75,34,13,1952,1933,0
FPV,99,76,34,14,1951,1933,0
FPV,100,76,37,19,1952,1934,0
FPV,101,75,36,18,1950,1933,0
FPV,102,74,36,22,1953,1933,0
FPV,103,77,34,15,1951,1932,0
FPV,104,76,34,15,1951,1932,0
FPV,105,74,34,12,1951,1933,0
FPV,106,76,37,17,1950,1933,0
FPV,107,76,34,17,1951,1933,0
FPV,108,76,35,19,1951,1934,0
FPV,109,75,36,20,1949,1931,0
FPV,110,73,34,50,1951,1933,0
FPV,111,72,34,47,1952,1933,0
FPV,112,76,35,17,1950,1933,0
FPV,113,75,36,44,1953,1933,0
FPV,114,75,33,13,1952,1932,0
FPV,115,75,36,19,1947,1933,0
FPV,116,73,33,48,1951,1931,0
FPV,117,78,35,15,1953,1934,0
FPV,118,74,35,53,1950,1932,0
FPV,119,74,35,49,1951,1933,0
FPV,120,74,35,13,1951,1934,0
FPV,121,76,35,17,1950,1931,0
FPV,122,73,35,51,1951,1933,0
FPV,123,73,33,48,1952,1933,0
FPV,124,74,35,50,1950,1933,0
FPV,125,76,37,34,1952,1933,0
FPV,126,73,35,50,1951,1934,0
FPV,127,75,35,39,1949,1934,0
FPV,128,76,37,19,1950,1934,0
FPV,129,76,34,18,1952,1933,0
FPV,130,76,36,55,1952,1934,0
FPV,131,74,36,55,1951,1933,0
FPV,132,74,35,19,1948,1932,0
FPV,133,76,35,14,1952,1932,0
FPV,134,76,37,19,1952,1932,0
FPV,135,77,35,18,1951,1932,0
FPV,136,75,35,21,1948,1932,0
FPV,137,77,35,19,1950,1933,0
FPV,138,74,35,55,1951,1933,0
FPV,139,76,36,55,1951,1932,0
FPV,140,74,36,52,1951,1933,0
FPV,141,73,36,54,1951,1933,0
FPV,142,73,34,48,1954,1933,0
FPV,143,73,34,40,1949,1933,0
FPV,144,77,35,16,1951,1933,0
FPV,145,73,34,48,1952,1934,0
FPV,146,74,33,48,1950,1933,0
FPV,147,74,36,49,1951,1933,0
FPV,148,77,35,16,1950,1932,0
FPV,149,77,36,20,1951,1933,0
FPV,150,73,33,50,1952,1932,0
FPV,151,74,35,13,1949,1932,0
FPV,152,77,37,21,1949,1932,0
FPV,153,76,36,56,1951,1933,0
FPV,154,73,34,50,1952,1932,0
FPV,155,74,35,19,1950,1933,0
FPV,156,75,35,20,1949,1931,0
FPV,157,76,36,54,1951,1934,0
FPV,158,73,34,47,1949,1932,0
FPV,159,74,33,48,1951,1933,0
FPV,160,75,35,13,1951,1933,0
FPV,161,75,35,14,1952,1933,0
FPV,162,77,36,19,1951,1933,0
FPV,163,76,35,16,1951,1932,0
FPV,164,76,35,18,1951,1933,0
FPV,165,75,35,19,1951,1933,0
FPV,166,73,36,53,1950,1932,0
FPV,167,74,36,51,1952,1933,0
FPV,168,73,34,47,1948,1934,0
FPV,169,74,35,50,1951,1932,0
FPV,170,74,35,27,1948,1932,0
FPV,171,77,35,15,1951,1933,0
FPV,172,76,36,23,1953,1932,0
FPV,173,76,37,20,1948,1932,0
FPV,174,76,37,55,1952,1933,0
FPV,175,76,37,21,1950,1933,0
FPV,176,75,37,22,1952,1932,0
FPV,177,77,35,13,1951,1933,0
FPV,178,73,35,50,1951,1933,0
FPV,179,74,36,55,1950,1932,0
FPV,180,73,36,52,1951,1932,0
FPV,181,76,36,47,1954,1934,0
FPV,182,77,37,21,1950,1931,0
FPV,183,77,35,16,1951,1933,0
FPV,184,75,34,48,1951,1932,0
FPV,185,75,36,55,1951,1933,0
FPV,186,73,36,53,1951,1931,0
FPV,187,77,35,17,1950,1932,0
FPV,188,73,34,48,1954,1934,0
FPV,189,76,37,40,1952,1932,0
FPV,190,76,36,20,1951,1933,0
FPV,191,74,36,18,1949,1933,0
FPV,192,73,35,54,1951,1932,0
FPV,193,74,36,48,1955,1932,0
FPV,194,76,36,41,1953,1933,0
FPV,195,75,35,14,1952,1933,0
FPV,196,76,35,15,1952,1933,0
FPV,197,74,34,48,1951,1932,0
FPV,198,72,35,52,1951,1933,0
FPV,199,77,36,19,1951,1933,0
FPV,200,75,35,13,1950,1932,0
FPV,201,76,38,21,1953,1933,0
FPV,202,76,35,17,1951,1933,0
FPV,203,77,35,19,1951,1933,0
FPV,204,76,37,56,1951,1933,0
FPV,205,75,36,56,1952,1933,0
FPV,206,73,36,54,1951,1933,0
FPV,207,76,35,14,1952,1933,0
FPV,208,73,34,51,1951,1933,0
FPV,209,75,35,14,1951,1933,0
FPV,210,72,35,51,1951,1933,0
FPV,211,76,36,35,1953,1933,0
FPV,212,73,36,52,1951,1933,0
FPV,213,74,36,53,1950,1933,0
FPV,214,76,36,44,1954,1933,0
FPV,215,77,36,20,1951,1933,0
FPV,216,76,36,51,1954,1933,0
FPV,217,75,36,20,1949,1932,0
FPV,218,73,36,54,1950,1932,0
FPV,219,75,36,55,1952,1934,0
FPV,220,72,36,52,1951,1933,0
FPV,221,73,33,50,1952,1933,0
FPV,222,74,33,47,1953,1932,0
FPV,223,73,36,51,1952,1933,0
FPV,224,74,36,50,1951,1933,0
FPV,225,74,35,49,1951,1933,0
FPV,226,77,35,18,1950,1933,0
FPV,227,76,36,18,1950,1932,0
FPV,228,73,36,52,1951,1933,0
FPV,229,74,34,49,1951,1933,0
FPV,230,76,36,19,1951,1933,0
FPV,231,76,36,29,1952,1933,0
FPV,232,74,34,46,1951,1932,0
FPV,233,77,35,15,1953,1933,0
FPV,234,74,35,54,1950,1934,0
FPV,235,74,37,55,1951,1933,0
FPV,236,73,35,51,1952,1932,0
FPV,237,74,36,51,1951,1932,0
FPV,238,77,35,14,1952,1933,0
FPV,239,76,35,19,1951,1933,0
FPV,240,76,34,18,1950,1932,0
FPV,241,76,34,18,1950,1933,0
FPV,242,75,36,47,1954,1933,0
FPV,243,77,36,21,1949,1932,0
FPV,244,76,36,53,1952,1931,0
FPV,245,76,35,51,1954,1933,0
FPV,246,76,36,49,1952,1933,0
FPV,247,77,35,15,1952,1933,0
FPV,248,74,35,49,1955,1933,0
FPV,249,76,36,18,1950,1932,0
FPV,250,73,34,13,1951,1933,0
FPV,251,73,35,53,1950,1931,0
FPV,252,75,35,20,1951,1934,0
FPV,253,76,36,38,1953,1933,0
FPV,254,73,36,54,1951,1933,0
FPV,255,73,33,49,1953,1933,0
msh >
msh >
foc_status
FOC state=uninitialized observer=rust-smo-pll reliable=0 closed=0 target=0rpm estimate=0rpm.
FOC Iref d/q=0/0mA I d/q=0/0mA V d/q=0/0mV.
FOC observer bemf a/b=0/0mV pllerr=0mrad speed mean/var=0/0 gate=0x00 streak=0 wait/loss=0/0ms vlim=0.
FOC flags=0x0004231f steps=0 errors=0 ISRmax=0/12500 cycles misses=0 peak=0 (~0mA).
FOC timing independent peaks pre/control/post=0/0/0 cycles; do not sum.
FOC rates PWM/control=12000/12000Hz ratio=1 delay=1 PWM ticks ADC trigger=1.
FOC sync interval last/min/avg/max=0/0/0/0 cycles (0 samples); monitor ISR=0/0/0 cycles.
FOC WCET step=0 total=0 pre/control/post=0/0/0 trace=0/0 samples=0 invalid=0.
FTIMING,1,0,0,0,0,0,0,0,0,0,0,0,0,12500,0,0,0,271135
FOC last status=0 rust_fault=0x00000000 duty=0/0/0 per-mille.
FOC boot-profile status=0 rev=1 board=0x43116001 motor=0x28041007 approvals=0x00 runtime/record CRC=0x8c7a8df4/0xd9f996c3.
FOC ADC U/V/W=1952/1932/1954 offsets=1952/1933/1953 Vbus=0 (~0mV) Pot=2049.
msh >
msh >
foc_phase_capture stop
FOC phase capture stopped; IO_BEMF disabled.
msh >
msh >
foc_stop
FOC stopped; gate enable and TIM1 outputs are disabled.
msh >
msh >
